Archive member included because of file (symbol)

C:\M66_OpenCPU_GS3_SDK_V2.0_Eclipse\libs\gcc\libapp_start.a(fileSys.o)
                              ./custom/fota/src/fota_ftp.o (Ql_FS_Open)
C:\M66_OpenCPU_GS3_SDK_V2.0_Eclipse\libs\gcc\libapp_start.a(fota.o)
                              ./custom/fota/src/fota_main.o (Ql_FOTA_Init)
C:\M66_OpenCPU_GS3_SDK_V2.0_Eclipse\libs\gcc\libapp_start.a(gprs.o)
                              ./custom/fota/src/fota_main.o (Ql_GPRS_GetPDPContextId)
C:\M66_OpenCPU_GS3_SDK_V2.0_Eclipse\libs\gcc\libapp_start.a(iic.o)
                              ./example/nema_pro.o (Ql_IIC_Write)
C:\M66_OpenCPU_GS3_SDK_V2.0_Eclipse\libs\gcc\libapp_start.a(lib_ril_sms.o)
                              ./ril/src/ril_sms.o (LIB_SMS_IsValidHexStr)
C:\M66_OpenCPU_GS3_SDK_V2.0_Eclipse\libs\gcc\libapp_start.a(memory.o)
                              ./ril/src/ril_bluetooth.o (Ql_MEM_Alloc)
C:\M66_OpenCPU_GS3_SDK_V2.0_Eclipse\libs\gcc\libapp_start.a(ql_func.o)
                              C:\M66_OpenCPU_GS3_SDK_V2.0_Eclipse\libs\gcc\libapp_start.a(memory.o) (api_notsup)
C:\M66_OpenCPU_GS3_SDK_V2.0_Eclipse\libs\gcc\libapp_start.a(ql_main.o)
                              ./ril/src/ril_bluetooth.o (Ql_Debug_Trace)
C:\M66_OpenCPU_GS3_SDK_V2.0_Eclipse\libs\gcc\libapp_start.a(ril_aux.o)
                              ./custom/config/sys_config.o (proc_reserved2)
C:\M66_OpenCPU_GS3_SDK_V2.0_Eclipse\libs\gcc\libapp_start.a(ril_main.o)
                              ./custom/config/sys_config.o (proc_reserved1)
C:\M66_OpenCPU_GS3_SDK_V2.0_Eclipse\libs\gcc\libapp_start.a(stdlib_func.o)
                              ./ril/src/ril_dtmf.o (Ql_atof)
C:\M66_OpenCPU_GS3_SDK_V2.0_Eclipse\libs\gcc\libapp_start.a(system.o)
                              ./ril/src/ril_ftp.o (Ql_Sleep)
C:\M66_OpenCPU_GS3_SDK_V2.0_Eclipse\libs\gcc\libapp_start.a(taskMngt.o)
                              ./custom/main.o (Ql_OS_GetMessage)
C:\M66_OpenCPU_GS3_SDK_V2.0_Eclipse\libs\gcc\libapp_start.a(timer.o)
                              ./custom/main.o (Ql_Timer_Register)
C:\M66_OpenCPU_GS3_SDK_V2.0_Eclipse\libs\gcc\libapp_start.a(uart.o)
                              ./custom/main.o (Ql_UART_Register)
C:\M66_OpenCPU_GS3_SDK_V2.0_Eclipse\libs\gcc\libapp_start.a(ocpu_init.o)
                              C:\M66_OpenCPU_GS3_SDK_V2.0_Eclipse\libs\gcc\libapp_start.a(ql_main.o) (_OCPU_InitUserMem)
C:\Program Files\CodeSourcery\Sourcery_CodeBench_Lite_for_ARM_EABI\arm-none-eabi\lib\thumb\libc.a(lib_a-memcpy.o)
                              C:\M66_OpenCPU_GS3_SDK_V2.0_Eclipse\libs\gcc\libapp_start.a(stdlib_func.o) (memcpy)
C:\Program Files\CodeSourcery\Sourcery_CodeBench_Lite_for_ARM_EABI\arm-none-eabi\lib\thumb\libc.a(lib_a-memset.o)
                              ./ril/src/ril_alarm.o (memset)
C:\Program Files\CodeSourcery\Sourcery_CodeBench_Lite_for_ARM_EABI\lib\gcc\arm-none-eabi\4.7.2\thumb\libgcc.a(_udivsi3.o)
                              C:\M66_OpenCPU_GS3_SDK_V2.0_Eclipse\libs\gcc\libapp_start.a(lib_ril_sms.o) (__aeabi_uidiv)
C:\Program Files\CodeSourcery\Sourcery_CodeBench_Lite_for_ARM_EABI\lib\gcc\arm-none-eabi\4.7.2\thumb\libgcc.a(_divsi3.o)
                              C:\M66_OpenCPU_GS3_SDK_V2.0_Eclipse\libs\gcc\libapp_start.a(lib_ril_sms.o) (__aeabi_idiv)
C:\Program Files\CodeSourcery\Sourcery_CodeBench_Lite_for_ARM_EABI\lib\gcc\arm-none-eabi\4.7.2\thumb\libgcc.a(_dvmd_tls.o)
                              C:\Program Files\CodeSourcery\Sourcery_CodeBench_Lite_for_ARM_EABI\lib\gcc\arm-none-eabi\4.7.2\thumb\libgcc.a(_udivsi3.o) (__aeabi_idiv0)
C:\Program Files\CodeSourcery\Sourcery_CodeBench_Lite_for_ARM_EABI\lib\gcc\arm-none-eabi\4.7.2\thumb\libgcc.a(_arm_fixdfsi.o)
                              ./ril/src/ril_dtmf.o (__aeabi_d2iz)
C:\Program Files\CodeSourcery\Sourcery_CodeBench_Lite_for_ARM_EABI\lib\gcc\arm-none-eabi\4.7.2\thumb\libgcc.a(_arm_truncdfsf2.o)
                              ./ril/src/ril_location.o (__aeabi_d2f)

Allocating common symbols
Common symbol       size              file

Ql_snprintf         0x4               C:\M66_OpenCPU_GS3_SDK_V2.0_Eclipse\libs\gcc\libapp_start.a(ql_main.o)
Ql_sprintf          0x4               C:\M66_OpenCPU_GS3_SDK_V2.0_Eclipse\libs\gcc\libapp_start.a(ql_main.o)
Ql_Debug_Trace      0x4               C:\M66_OpenCPU_GS3_SDK_V2.0_Eclipse\libs\gcc\libapp_start.a(ql_main.o)
SecureDataStringLen
                    0x4               ./ril/src/ril_system.o
u4OverflowPkt       0x4               ./example/nema_pro.o
Ql_sscanf           0x4               C:\M66_OpenCPU_GS3_SDK_V2.0_Eclipse\libs\gcc\libapp_start.a(ql_main.o)
rx_state            0x1               ./example/nema_pro.o
g_comingCall        0x124             ./ril/src/ril_telephony.o
Fota_gprsCfg        0xb0              ./custom/fota/src/fota_main.o
FotaConfig          0x10              ./custom/fota/src/fota_main.o
arrHttpRcvBuf       0x2800            ./custom/main.o
id_que              0x600             ./example/nema_pro.o
u4PktInQueue        0x4               ./example/nema_pro.o
id_que_tail         0x2               ./example/nema_pro.o
id_que_head         0x2               ./example/nema_pro.o
rx_que              0x8000            ./example/nema_pro.o
rd_buf              0x100             ./example/nema_pro.o
rx_que_head         0x2               ./example/nema_pro.o
u4SyncPkt           0x4               ./example/nema_pro.o

Discarded input sections

 .text          0x00000000      0x534 ./ril/src/ril_alarm.o
 .data          0x00000000        0x0 ./ril/src/ril_alarm.o
 .bss           0x00000000        0x0 ./ril/src/ril_alarm.o
 .rodata        0x00000000       0x50 ./ril/src/ril_alarm.o
 .rodata.str1.4
                0x00000000       0x90 ./ril/src/ril_alarm.o
 .comment       0x00000000       0x31 ./ril/src/ril_alarm.o
 .ARM.attributes
                0x00000000       0x2b ./ril/src/ril_alarm.o
 .data          0x00000000        0x0 ./ril/src/ril_atResponse.o
 .text          0x00000000      0xae4 ./ril/src/ril_audio.o
 .data          0x00000000        0x1 ./ril/src/ril_audio.o
 .rodata.str1.4
                0x00000000      0x198 ./ril/src/ril_audio.o
 .data          0x00000000        0x0 ./ril/src/ril_custom.o
 .data          0x00000000        0x0 ./ril/src/ril_dtmf.o
 .text          0x00000000      0xfcc ./ril/src/ril_ftp.o
 .data          0x00000000        0x0 ./ril/src/ril_ftp.o
 .bss           0x00000000        0x0 ./ril/src/ril_ftp.o
 .rodata.str1.4
                0x00000000      0x2c0 ./ril/src/ril_ftp.o
 .comment       0x00000000       0x31 ./ril/src/ril_ftp.o
 .ARM.attributes
                0x00000000       0x2b ./ril/src/ril_ftp.o
 .data          0x00000000        0x0 ./ril/src/ril_http.o
 .bss           0x00000000        0x0 ./ril/src/ril_init.o
 .data          0x00000000        0x0 ./ril/src/ril_location.o
 .data          0x00000000        0x0 ./ril/src/ril_network.o
 .bss           0x00000000        0x0 ./ril/src/ril_network.o
 .data          0x00000000        0x0 ./ril/src/ril_sim.o
 .bss           0x00000000        0x0 ./ril/src/ril_sim.o
 .text          0x00000000     0x1730 ./ril/src/ril_sms.o
 .data          0x00000000        0x0 ./ril/src/ril_sms.o
 .bss           0x00000000        0x1 ./ril/src/ril_sms.o
 .rodata.str1.4
                0x00000000       0xec ./ril/src/ril_sms.o
 .comment       0x00000000       0x31 ./ril/src/ril_sms.o
 .ARM.attributes
                0x00000000       0x2b ./ril/src/ril_sms.o
 .text          0x00000000      0x90c ./ril/src/ril_system.o
 .data          0x00000000        0x0 ./ril/src/ril_system.o
 .bss           0x00000000        0x1 ./ril/src/ril_system.o
 .rodata        0x00000000        0x8 ./ril/src/ril_system.o
 .rodata.str1.4
                0x00000000       0x90 ./ril/src/ril_system.o
 .comment       0x00000000       0x31 ./ril/src/ril_system.o
 .ARM.attributes
                0x00000000       0x2b ./ril/src/ril_system.o
 COMMON         0x00000000        0x4 ./ril/src/ril_system.o
 .text          0x00000000      0x2cc ./ril/src/ril_telephony.o
 .data          0x00000000        0x0 ./ril/src/ril_telephony.o
 .bss           0x00000000        0x0 ./ril/src/ril_telephony.o
 .rodata.str1.4
                0x00000000       0x48 ./ril/src/ril_telephony.o
 .data          0x00000000        0x0 ./ril/src/ril_urc.o
 .data          0x00000000        0x0 ./ril/src/ril_util.o
 .bss           0x00000000        0x0 ./ril/src/ril_util.o
 .text          0x00000000        0x0 ./example/Example_gps_iic.o
 .data          0x00000000        0x0 ./example/Example_gps_iic.o
 .bss           0x00000000        0x0 ./example/Example_gps_iic.o
 .comment       0x00000000       0x31 ./example/Example_gps_iic.o
 .ARM.attributes
                0x00000000       0x2b ./example/Example_gps_iic.o
 .text          0x00000000        0x0 ./example/example_adc.o
 .data          0x00000000        0x0 ./example/example_adc.o
 .bss           0x00000000        0x0 ./example/example_adc.o
 .comment       0x00000000       0x31 ./example/example_adc.o
 .ARM.attributes
                0x00000000       0x2b ./example/example_adc.o
 .text          0x00000000        0x0 ./example/example_alarm.o
 .data          0x00000000        0x0 ./example/example_alarm.o
 .bss           0x00000000        0x0 ./example/example_alarm.o
 .comment       0x00000000       0x31 ./example/example_alarm.o
 .ARM.attributes
                0x00000000       0x2b ./example/example_alarm.o
 .text          0x00000000        0x0 ./example/example_audio.o
 .data          0x00000000        0x0 ./example/example_audio.o
 .bss           0x00000000        0x0 ./example/example_audio.o
 .comment       0x00000000       0x31 ./example/example_audio.o
 .ARM.attributes
                0x00000000       0x2b ./example/example_audio.o
 .text          0x00000000        0x0 ./example/example_bluetooth.o
 .data          0x00000000        0x0 ./example/example_bluetooth.o
 .bss           0x00000000        0x0 ./example/example_bluetooth.o
 .comment       0x00000000       0x31 ./example/example_bluetooth.o
 .ARM.attributes
                0x00000000       0x2b ./example/example_bluetooth.o
 .text          0x00000000        0x0 ./example/example_call.o
 .data          0x00000000        0x0 ./example/example_call.o
 .bss           0x00000000        0x0 ./example/example_call.o
 .comment       0x00000000       0x31 ./example/example_call.o
 .ARM.attributes
                0x00000000       0x2b ./example/example_call.o
 .text          0x00000000        0x0 ./example/example_clk.o
 .data          0x00000000        0x0 ./example/example_clk.o
 .bss           0x00000000        0x0 ./example/example_clk.o
 .comment       0x00000000       0x31 ./example/example_clk.o
 .ARM.attributes
                0x00000000       0x2b ./example/example_clk.o
 .text          0x00000000        0x0 ./example/example_csd.o
 .data          0x00000000        0x0 ./example/example_csd.o
 .bss           0x00000000        0x0 ./example/example_csd.o
 .comment       0x00000000       0x31 ./example/example_csd.o
 .ARM.attributes
                0x00000000       0x2b ./example/example_csd.o
 .text          0x00000000        0x0 ./example/example_download_epo.o
 .data          0x00000000        0x0 ./example/example_download_epo.o
 .bss           0x00000000        0x0 ./example/example_download_epo.o
 .comment       0x00000000       0x31 ./example/example_download_epo.o
 .ARM.attributes
                0x00000000       0x2b ./example/example_download_epo.o
 .text          0x00000000        0x0 ./example/example_dtmf.o
 .data          0x00000000        0x0 ./example/example_dtmf.o
 .bss           0x00000000        0x0 ./example/example_dtmf.o
 .comment       0x00000000       0x31 ./example/example_dtmf.o
 .ARM.attributes
                0x00000000       0x2b ./example/example_dtmf.o
 .text          0x00000000        0x0 ./example/example_eint.o
 .data          0x00000000        0x0 ./example/example_eint.o
 .bss           0x00000000        0x0 ./example/example_eint.o
 .comment       0x00000000       0x31 ./example/example_eint.o
 .ARM.attributes
                0x00000000       0x2b ./example/example_eint.o
 .text          0x00000000        0x0 ./example/example_file.o
 .data          0x00000000        0x0 ./example/example_file.o
 .bss           0x00000000        0x0 ./example/example_file.o
 .comment       0x00000000       0x31 ./example/example_file.o
 .ARM.attributes
                0x00000000       0x2b ./example/example_file.o
 .text          0x00000000        0x0 ./example/example_float_math.o
 .data          0x00000000        0x0 ./example/example_float_math.o
 .bss           0x00000000        0x0 ./example/example_float_math.o
 .comment       0x00000000       0x31 ./example/example_float_math.o
 .ARM.attributes
                0x00000000       0x2b ./example/example_float_math.o
 .text          0x00000000        0x0 ./example/example_fota_ftp.o
 .data          0x00000000        0x0 ./example/example_fota_ftp.o
 .bss           0x00000000        0x0 ./example/example_fota_ftp.o
 .comment       0x00000000       0x31 ./example/example_fota_ftp.o
 .ARM.attributes
                0x00000000       0x2b ./example/example_fota_ftp.o
 .text          0x00000000        0x0 ./example/example_fota_http.o
 .data          0x00000000        0x0 ./example/example_fota_http.o
 .bss           0x00000000        0x0 ./example/example_fota_http.o
 .comment       0x00000000       0x31 ./example/example_fota_http.o
 .ARM.attributes
                0x00000000       0x2b ./example/example_fota_http.o
 .text          0x00000000        0x0 ./example/example_ftp.o
 .data          0x00000000        0x0 ./example/example_ftp.o
 .bss           0x00000000        0x0 ./example/example_ftp.o
 .comment       0x00000000       0x31 ./example/example_ftp.o
 .ARM.attributes
                0x00000000       0x2b ./example/example_ftp.o
 .text          0x00000000        0x0 ./example/example_gpio.o
 .data          0x00000000        0x0 ./example/example_gpio.o
 .bss           0x00000000        0x0 ./example/example_gpio.o
 .comment       0x00000000       0x31 ./example/example_gpio.o
 .ARM.attributes
                0x00000000       0x2b ./example/example_gpio.o
 .text          0x00000000        0x0 ./example/example_http.o
 .data          0x00000000        0x0 ./example/example_http.o
 .bss           0x00000000        0x0 ./example/example_http.o
 .comment       0x00000000       0x31 ./example/example_http.o
 .ARM.attributes
                0x00000000       0x2b ./example/example_http.o
 .text          0x00000000        0x0 ./example/example_iic.o
 .data          0x00000000        0x0 ./example/example_iic.o
 .bss           0x00000000        0x0 ./example/example_iic.o
 .comment       0x00000000       0x31 ./example/example_iic.o
 .ARM.attributes
                0x00000000       0x2b ./example/example_iic.o
 .text          0x00000000        0x0 ./example/example_location.o
 .data          0x00000000        0x0 ./example/example_location.o
 .bss           0x00000000        0x0 ./example/example_location.o
 .comment       0x00000000       0x31 ./example/example_location.o
 .ARM.attributes
                0x00000000       0x2b ./example/example_location.o
 .text          0x00000000        0x0 ./example/example_memory.o
 .data          0x00000000        0x0 ./example/example_memory.o
 .bss           0x00000000        0x0 ./example/example_memory.o
 .comment       0x00000000       0x31 ./example/example_memory.o
 .ARM.attributes
                0x00000000       0x2b ./example/example_memory.o
 .text          0x00000000        0x0 ./example/example_multitask.o
 .data          0x00000000        0x0 ./example/example_multitask.o
 .bss           0x00000000        0x0 ./example/example_multitask.o
 .comment       0x00000000       0x31 ./example/example_multitask.o
 .ARM.attributes
                0x00000000       0x2b ./example/example_multitask.o
 .text          0x00000000        0x0 ./example/example_multitask_port.o
 .data          0x00000000        0x0 ./example/example_multitask_port.o
 .bss           0x00000000        0x0 ./example/example_multitask_port.o
 .comment       0x00000000       0x31 ./example/example_multitask_port.o
 .ARM.attributes
                0x00000000       0x2b ./example/example_multitask_port.o
 .text          0x00000000        0x0 ./example/example_pwm.o
 .data          0x00000000        0x0 ./example/example_pwm.o
 .bss           0x00000000        0x0 ./example/example_pwm.o
 .comment       0x00000000       0x31 ./example/example_pwm.o
 .ARM.attributes
                0x00000000       0x2b ./example/example_pwm.o
 .text          0x00000000        0x0 ./example/example_sms.o
 .data          0x00000000        0x0 ./example/example_sms.o
 .bss           0x00000000        0x0 ./example/example_sms.o
 .comment       0x00000000       0x31 ./example/example_sms.o
 .ARM.attributes
                0x00000000       0x2b ./example/example_sms.o
 .text          0x00000000        0x0 ./example/example_spi.o
 .data          0x00000000        0x0 ./example/example_spi.o
 .bss           0x00000000        0x0 ./example/example_spi.o
 .comment       0x00000000       0x31 ./example/example_spi.o
 .ARM.attributes
                0x00000000       0x2b ./example/example_spi.o
 .text          0x00000000        0x0 ./example/example_system.o
 .data          0x00000000        0x0 ./example/example_system.o
 .bss           0x00000000        0x0 ./example/example_system.o
 .comment       0x00000000       0x31 ./example/example_system.o
 .ARM.attributes
                0x00000000       0x2b ./example/example_system.o
 .text          0x00000000        0x0 ./example/example_tcp_demo.o
 .data          0x00000000        0x0 ./example/example_tcp_demo.o
 .bss           0x00000000        0x0 ./example/example_tcp_demo.o
 .comment       0x00000000       0x31 ./example/example_tcp_demo.o
 .ARM.attributes
                0x00000000       0x2b ./example/example_tcp_demo.o
 .text          0x00000000        0x0 ./example/example_tcpclient.o
 .data          0x00000000        0x0 ./example/example_tcpclient.o
 .bss           0x00000000        0x0 ./example/example_tcpclient.o
 .comment       0x00000000       0x31 ./example/example_tcpclient.o
 .ARM.attributes
                0x00000000       0x2b ./example/example_tcpclient.o
 .text          0x00000000        0x0 ./example/example_tcpserver.o
 .data          0x00000000        0x0 ./example/example_tcpserver.o
 .bss           0x00000000        0x0 ./example/example_tcpserver.o
 .comment       0x00000000       0x31 ./example/example_tcpserver.o
 .ARM.attributes
                0x00000000       0x2b ./example/example_tcpserver.o
 .text          0x00000000        0x0 ./example/example_time.o
 .data          0x00000000        0x0 ./example/example_time.o
 .bss           0x00000000        0x0 ./example/example_time.o
 .comment       0x00000000       0x31 ./example/example_time.o
 .ARM.attributes
                0x00000000       0x2b ./example/example_time.o
 .text          0x00000000        0x0 ./example/example_timer.o
 .data          0x00000000        0x0 ./example/example_timer.o
 .bss           0x00000000        0x0 ./example/example_timer.o
 .comment       0x00000000       0x31 ./example/example_timer.o
 .ARM.attributes
                0x00000000       0x2b ./example/example_timer.o
 .text          0x00000000        0x0 ./example/example_transpass.o
 .data          0x00000000        0x0 ./example/example_transpass.o
 .bss           0x00000000        0x0 ./example/example_transpass.o
 .comment       0x00000000       0x31 ./example/example_transpass.o
 .ARM.attributes
                0x00000000       0x2b ./example/example_transpass.o
 .text          0x00000000        0x0 ./example/example_udpclient.o
 .data          0x00000000        0x0 ./example/example_udpclient.o
 .bss           0x00000000        0x0 ./example/example_udpclient.o
 .comment       0x00000000       0x31 ./example/example_udpclient.o
 .ARM.attributes
                0x00000000       0x2b ./example/example_udpclient.o
 .text          0x00000000        0x0 ./example/example_udpserver.o
 .data          0x00000000        0x0 ./example/example_udpserver.o
 .bss           0x00000000        0x0 ./example/example_udpserver.o
 .comment       0x00000000       0x31 ./example/example_udpserver.o
 .ARM.attributes
                0x00000000       0x2b ./example/example_udpserver.o
 .text          0x00000000        0x0 ./example/example_watchdog.o
 .data          0x00000000        0x0 ./example/example_watchdog.o
 .bss           0x00000000        0x0 ./example/example_watchdog.o
 .comment       0x00000000       0x31 ./example/example_watchdog.o
 .ARM.attributes
                0x00000000       0x2b ./example/example_watchdog.o
 .text          0x00000000      0xa08 ./example/nema_pro.o
 .data          0x00000000        0x0 ./example/nema_pro.o
 .bss           0x00000000      0xa08 ./example/nema_pro.o
 .rodata.str1.4
                0x00000000      0x1ac ./example/nema_pro.o
 .comment       0x00000000       0x31 ./example/nema_pro.o
 .ARM.attributes
                0x00000000       0x2b ./example/nema_pro.o
 COMMON         0x00000000     0x8718 ./example/nema_pro.o
 .text          0x00000000      0x188 ./example/utility.o
 .data          0x00000000        0x0 ./example/utility.o
 .bss           0x00000000        0x0 ./example/utility.o
 .rodata.str1.4
                0x00000000       0x10 ./example/utility.o
 .comment       0x00000000       0x31 ./example/utility.o
 .ARM.attributes
                0x00000000       0x2b ./example/utility.o
 .text          0x00000000     0x109c ./custom/fota/src/fota_ftp.o
 .data          0x00000000        0x0 ./custom/fota/src/fota_ftp.o
 .bss           0x00000000       0xb0 ./custom/fota/src/fota_ftp.o
 .rodata.str1.4
                0x00000000      0x6ec ./custom/fota/src/fota_ftp.o
 .comment       0x00000000       0x31 ./custom/fota/src/fota_ftp.o
 .ARM.attributes
                0x00000000       0x2b ./custom/fota/src/fota_ftp.o
 .text          0x00000000        0x0 ./custom/fota/src/fota_http.o
 .data          0x00000000        0x0 ./custom/fota/src/fota_http.o
 .bss           0x00000000        0x0 ./custom/fota/src/fota_http.o
 .comment       0x00000000       0x31 ./custom/fota/src/fota_http.o
 .ARM.attributes
                0x00000000       0x2b ./custom/fota/src/fota_http.o
 .text          0x00000000        0x0 ./custom/fota/src/fota_http_code.o
 .data          0x00000000        0x0 ./custom/fota/src/fota_http_code.o
 .bss           0x00000000        0x0 ./custom/fota/src/fota_http_code.o
 .comment       0x00000000       0x31 ./custom/fota/src/fota_http_code.o
 .ARM.attributes
                0x00000000       0x2b ./custom/fota/src/fota_http_code.o
 .text          0x00000000      0x360 ./custom/fota/src/fota_main.o
 .data          0x00000000       0x68 ./custom/fota/src/fota_main.o
 .bss           0x00000000       0x44 ./custom/fota/src/fota_main.o
 .rodata.str1.4
                0x00000000      0x1fc ./custom/fota/src/fota_main.o
 .comment       0x00000000       0x31 ./custom/fota/src/fota_main.o
 .ARM.attributes
                0x00000000       0x2b ./custom/fota/src/fota_main.o
 COMMON         0x00000000       0xc0 ./custom/fota/src/fota_main.o
 .text          0x00000000        0xc ./custom/config/custom_sys_cfg.o
 .data          0x00000000        0x0 ./custom/config/custom_sys_cfg.o
 .bss           0x00000000        0x0 ./custom/config/custom_sys_cfg.o
 .text          0x00000000        0x0 ./custom/config/sys_config.o
 .data          0x00000000        0x0 ./custom/config/sys_config.o
 .bss           0x00000000        0x0 ./custom/config/sys_config.o
 .data          0x00000000        0x0 ./custom/main.o
 .text          0x00000000        0x0 C:\M66_OpenCPU_GS3_SDK_V2.0_Eclipse\libs\gcc\libapp_start.a(fileSys.o)
 .data          0x00000000        0x0 C:\M66_OpenCPU_GS3_SDK_V2.0_Eclipse\libs\gcc\libapp_start.a(fileSys.o)
 .bss           0x00000000       0x60 C:\M66_OpenCPU_GS3_SDK_V2.0_Eclipse\libs\gcc\libapp_start.a(fileSys.o)
 .text.Ql_FS_Open
                0x00000000       0x68 C:\M66_OpenCPU_GS3_SDK_V2.0_Eclipse\libs\gcc\libapp_start.a(fileSys.o)
 .text.Ql_FS_OpenRAMFile
                0x00000000       0x70 C:\M66_OpenCPU_GS3_SDK_V2.0_Eclipse\libs\gcc\libapp_start.a(fileSys.o)
 .text.Ql_FS_Read
                0x00000000       0x78 C:\M66_OpenCPU_GS3_SDK_V2.0_Eclipse\libs\gcc\libapp_start.a(fileSys.o)
 .text.Ql_FS_Write
                0x00000000       0x78 C:\M66_OpenCPU_GS3_SDK_V2.0_Eclipse\libs\gcc\libapp_start.a(fileSys.o)
 .text.Ql_FS_Seek
                0x00000000       0x70 C:\M66_OpenCPU_GS3_SDK_V2.0_Eclipse\libs\gcc\libapp_start.a(fileSys.o)
 .text.Ql_FS_GetFilePosition
                0x00000000       0x60 C:\M66_OpenCPU_GS3_SDK_V2.0_Eclipse\libs\gcc\libapp_start.a(fileSys.o)
 .text.Ql_FS_Truncate
                0x00000000       0x60 C:\M66_OpenCPU_GS3_SDK_V2.0_Eclipse\libs\gcc\libapp_start.a(fileSys.o)
 .text.Ql_FS_Flush
                0x00000000       0x54 C:\M66_OpenCPU_GS3_SDK_V2.0_Eclipse\libs\gcc\libapp_start.a(fileSys.o)
 .text.Ql_FS_Close
                0x00000000       0x54 C:\M66_OpenCPU_GS3_SDK_V2.0_Eclipse\libs\gcc\libapp_start.a(fileSys.o)
 .text.Ql_FS_GetSize
                0x00000000       0x60 C:\M66_OpenCPU_GS3_SDK_V2.0_Eclipse\libs\gcc\libapp_start.a(fileSys.o)
 .text.Ql_FS_Delete
                0x00000000       0x60 C:\M66_OpenCPU_GS3_SDK_V2.0_Eclipse\libs\gcc\libapp_start.a(fileSys.o)
 .text.Ql_FS_Check
                0x00000000       0x60 C:\M66_OpenCPU_GS3_SDK_V2.0_Eclipse\libs\gcc\libapp_start.a(fileSys.o)
 .text.Ql_FS_Rename
                0x00000000       0x68 C:\M66_OpenCPU_GS3_SDK_V2.0_Eclipse\libs\gcc\libapp_start.a(fileSys.o)
 .text.Ql_FS_CreateDir
                0x00000000       0x60 C:\M66_OpenCPU_GS3_SDK_V2.0_Eclipse\libs\gcc\libapp_start.a(fileSys.o)
 .text.Ql_FS_DeleteDir
                0x00000000       0x60 C:\M66_OpenCPU_GS3_SDK_V2.0_Eclipse\libs\gcc\libapp_start.a(fileSys.o)
 .text.Ql_FS_CheckDir
                0x00000000       0x60 C:\M66_OpenCPU_GS3_SDK_V2.0_Eclipse\libs\gcc\libapp_start.a(fileSys.o)
 .text.Ql_FS_FindFirst
                0x00000000       0x80 C:\M66_OpenCPU_GS3_SDK_V2.0_Eclipse\libs\gcc\libapp_start.a(fileSys.o)
 .text.Ql_FS_FindNext
                0x00000000       0x80 C:\M66_OpenCPU_GS3_SDK_V2.0_Eclipse\libs\gcc\libapp_start.a(fileSys.o)
 .text.Ql_FS_FindClose
                0x00000000       0x54 C:\M66_OpenCPU_GS3_SDK_V2.0_Eclipse\libs\gcc\libapp_start.a(fileSys.o)
 .text.Ql_FS_XDelete
                0x00000000       0x68 C:\M66_OpenCPU_GS3_SDK_V2.0_Eclipse\libs\gcc\libapp_start.a(fileSys.o)
 .text.Ql_FS_XMove
                0x00000000       0x70 C:\M66_OpenCPU_GS3_SDK_V2.0_Eclipse\libs\gcc\libapp_start.a(fileSys.o)
 .text.Ql_FS_GetFreeSpace
                0x00000000       0x74 C:\M66_OpenCPU_GS3_SDK_V2.0_Eclipse\libs\gcc\libapp_start.a(fileSys.o)
 .text.Ql_FS_GetTotalSpace
                0x00000000       0x74 C:\M66_OpenCPU_GS3_SDK_V2.0_Eclipse\libs\gcc\libapp_start.a(fileSys.o)
 .text.Ql_FS_Format
                0x00000000       0x60 C:\M66_OpenCPU_GS3_SDK_V2.0_Eclipse\libs\gcc\libapp_start.a(fileSys.o)
 .rodata.str1.1
                0x00000000      0x15c C:\M66_OpenCPU_GS3_SDK_V2.0_Eclipse\libs\gcc\libapp_start.a(fileSys.o)
 .comment       0x00000000       0x31 C:\M66_OpenCPU_GS3_SDK_V2.0_Eclipse\libs\gcc\libapp_start.a(fileSys.o)
 .ARM.attributes
                0x00000000       0x2b C:\M66_OpenCPU_GS3_SDK_V2.0_Eclipse\libs\gcc\libapp_start.a(fileSys.o)
 .text          0x00000000        0x0 C:\M66_OpenCPU_GS3_SDK_V2.0_Eclipse\libs\gcc\libapp_start.a(fota.o)
 .data          0x00000000        0x0 C:\M66_OpenCPU_GS3_SDK_V2.0_Eclipse\libs\gcc\libapp_start.a(fota.o)
 .bss           0x00000000       0x14 C:\M66_OpenCPU_GS3_SDK_V2.0_Eclipse\libs\gcc\libapp_start.a(fota.o)
 .text.Ql_FOTA_Init
                0x00000000       0x60 C:\M66_OpenCPU_GS3_SDK_V2.0_Eclipse\libs\gcc\libapp_start.a(fota.o)
 .text.Ql_FOTA_WriteData
                0x00000000       0x68 C:\M66_OpenCPU_GS3_SDK_V2.0_Eclipse\libs\gcc\libapp_start.a(fota.o)
 .text.Ql_FOTA_Finish
                0x00000000       0x58 C:\M66_OpenCPU_GS3_SDK_V2.0_Eclipse\libs\gcc\libapp_start.a(fota.o)
 .text.Ql_FOTA_ReadData
                0x00000000       0x70 C:\M66_OpenCPU_GS3_SDK_V2.0_Eclipse\libs\gcc\libapp_start.a(fota.o)
 .text.Ql_FOTA_Update
                0x00000000       0x58 C:\M66_OpenCPU_GS3_SDK_V2.0_Eclipse\libs\gcc\libapp_start.a(fota.o)
 .rodata.str1.1
                0x00000000       0x4e C:\M66_OpenCPU_GS3_SDK_V2.0_Eclipse\libs\gcc\libapp_start.a(fota.o)
 .comment       0x00000000       0x31 C:\M66_OpenCPU_GS3_SDK_V2.0_Eclipse\libs\gcc\libapp_start.a(fota.o)
 .ARM.attributes
                0x00000000       0x2b C:\M66_OpenCPU_GS3_SDK_V2.0_Eclipse\libs\gcc\libapp_start.a(fota.o)
 .text          0x00000000        0x0 C:\M66_OpenCPU_GS3_SDK_V2.0_Eclipse\libs\gcc\libapp_start.a(gprs.o)
 .data          0x00000000        0x0 C:\M66_OpenCPU_GS3_SDK_V2.0_Eclipse\libs\gcc\libapp_start.a(gprs.o)
 .text.Ql_GPRS_Config
                0x00000000       0x68 C:\M66_OpenCPU_GS3_SDK_V2.0_Eclipse\libs\gcc\libapp_start.a(gprs.o)
 .text.Ql_GPRS_Register
                0x00000000       0x70 C:\M66_OpenCPU_GS3_SDK_V2.0_Eclipse\libs\gcc\libapp_start.a(gprs.o)
 .text.Ql_GPRS_Activate
                0x00000000       0x60 C:\M66_OpenCPU_GS3_SDK_V2.0_Eclipse\libs\gcc\libapp_start.a(gprs.o)
 .text.Ql_GPRS_ActivateEx
                0x00000000       0x68 C:\M66_OpenCPU_GS3_SDK_V2.0_Eclipse\libs\gcc\libapp_start.a(gprs.o)
 .text.Ql_GPRS_Deactivate
                0x00000000       0x60 C:\M66_OpenCPU_GS3_SDK_V2.0_Eclipse\libs\gcc\libapp_start.a(gprs.o)
 .text.Ql_GPRS_DeactivateEx
                0x00000000       0x68 C:\M66_OpenCPU_GS3_SDK_V2.0_Eclipse\libs\gcc\libapp_start.a(gprs.o)
 .text.Ql_GPRS_GetLocalIPAddress
                0x00000000       0x68 C:\M66_OpenCPU_GS3_SDK_V2.0_Eclipse\libs\gcc\libapp_start.a(gprs.o)
 .text.Ql_GPRS_GetDNSAddress
                0x00000000       0x70 C:\M66_OpenCPU_GS3_SDK_V2.0_Eclipse\libs\gcc\libapp_start.a(gprs.o)
 .text.Ql_GPRS_SetDNSAddress
                0x00000000       0x70 C:\M66_OpenCPU_GS3_SDK_V2.0_Eclipse\libs\gcc\libapp_start.a(gprs.o)
 .text          0x00000000        0x0 C:\M66_OpenCPU_GS3_SDK_V2.0_Eclipse\libs\gcc\libapp_start.a(iic.o)
 .data          0x00000000        0x0 C:\M66_OpenCPU_GS3_SDK_V2.0_Eclipse\libs\gcc\libapp_start.a(iic.o)
 .bss           0x00000000       0x18 C:\M66_OpenCPU_GS3_SDK_V2.0_Eclipse\libs\gcc\libapp_start.a(iic.o)
 .text.Ql_IIC_Init
                0x00000000       0x78 C:\M66_OpenCPU_GS3_SDK_V2.0_Eclipse\libs\gcc\libapp_start.a(iic.o)
 .text.Ql_IIC_Config
                0x00000000       0x78 C:\M66_OpenCPU_GS3_SDK_V2.0_Eclipse\libs\gcc\libapp_start.a(iic.o)
 .text.Ql_IIC_Write
                0x00000000       0x78 C:\M66_OpenCPU_GS3_SDK_V2.0_Eclipse\libs\gcc\libapp_start.a(iic.o)
 .text.Ql_IIC_Read
                0x00000000       0x78 C:\M66_OpenCPU_GS3_SDK_V2.0_Eclipse\libs\gcc\libapp_start.a(iic.o)
 .text.Ql_IIC_Write_Read
                0x00000000       0x88 C:\M66_OpenCPU_GS3_SDK_V2.0_Eclipse\libs\gcc\libapp_start.a(iic.o)
 .text.Ql_IIC_Uninit
                0x00000000       0x60 C:\M66_OpenCPU_GS3_SDK_V2.0_Eclipse\libs\gcc\libapp_start.a(iic.o)
 .rodata.str1.1
                0x00000000       0x53 C:\M66_OpenCPU_GS3_SDK_V2.0_Eclipse\libs\gcc\libapp_start.a(iic.o)
 .comment       0x00000000       0x31 C:\M66_OpenCPU_GS3_SDK_V2.0_Eclipse\libs\gcc\libapp_start.a(iic.o)
 .ARM.attributes
                0x00000000       0x2b C:\M66_OpenCPU_GS3_SDK_V2.0_Eclipse\libs\gcc\libapp_start.a(iic.o)
 .text          0x00000000        0x0 C:\M66_OpenCPU_GS3_SDK_V2.0_Eclipse\libs\gcc\libapp_start.a(lib_ril_sms.o)
 .data          0x00000000        0x0 C:\M66_OpenCPU_GS3_SDK_V2.0_Eclipse\libs\gcc\libapp_start.a(lib_ril_sms.o)
 .bss           0x00000000        0x0 C:\M66_OpenCPU_GS3_SDK_V2.0_Eclipse\libs\gcc\libapp_start.a(lib_ril_sms.o)
 .text.EncodeAddress
                0x00000000      0x228 C:\M66_OpenCPU_GS3_SDK_V2.0_Eclipse\libs\gcc\libapp_start.a(lib_ril_sms.o)
 .text.DecodeUserDataHeader
                0x00000000       0xb8 C:\M66_OpenCPU_GS3_SDK_V2.0_Eclipse\libs\gcc\libapp_start.a(lib_ril_sms.o)
 .text.EncodeGSM7Bit.part.2
                0x00000000       0xd4 C:\M66_OpenCPU_GS3_SDK_V2.0_Eclipse\libs\gcc\libapp_start.a(lib_ril_sms.o)
 .text.DecodeGSM7Bit
                0x00000000      0x148 C:\M66_OpenCPU_GS3_SDK_V2.0_Eclipse\libs\gcc\libapp_start.a(lib_ril_sms.o)
 .text.DecodeAddress
                0x00000000      0x218 C:\M66_OpenCPU_GS3_SDK_V2.0_Eclipse\libs\gcc\libapp_start.a(lib_ril_sms.o)
 .text.DecordUserDataBody.part.5
                0x00000000      0x180 C:\M66_OpenCPU_GS3_SDK_V2.0_Eclipse\libs\gcc\libapp_start.a(lib_ril_sms.o)
 .text.DecodeTimeStamp.constprop.8
                0x00000000       0xfc C:\M66_OpenCPU_GS3_SDK_V2.0_Eclipse\libs\gcc\libapp_start.a(lib_ril_sms.o)
 .text.LIB_SMS_IsValidHexStr
                0x00000000       0x54 C:\M66_OpenCPU_GS3_SDK_V2.0_Eclipse\libs\gcc\libapp_start.a(lib_ril_sms.o)
 .text.LIB_SMS_ConvHexOctToHexStr
                0x00000000       0xa8 C:\M66_OpenCPU_GS3_SDK_V2.0_Eclipse\libs\gcc\libapp_start.a(lib_ril_sms.o)
 .text.LIB_SMS_ConvHexStrToHexOct
                0x00000000       0xe8 C:\M66_OpenCPU_GS3_SDK_V2.0_Eclipse\libs\gcc\libapp_start.a(lib_ril_sms.o)
 .text.LIB_SMS_DecodeDCS
                0x00000000      0x164 C:\M66_OpenCPU_GS3_SDK_V2.0_Eclipse\libs\gcc\libapp_start.a(lib_ril_sms.o)
 .text.LIB_SMS_ConvAlphaToCharSet
                0x00000000      0x43c C:\M66_OpenCPU_GS3_SDK_V2.0_Eclipse\libs\gcc\libapp_start.a(lib_ril_sms.o)
 .text.LIB_SMS_ConvCharSetToAlpha
                0x00000000      0x7b4 C:\M66_OpenCPU_GS3_SDK_V2.0_Eclipse\libs\gcc\libapp_start.a(lib_ril_sms.o)
 .text.LIB_SMS_DecodePDUStr
                0x00000000      0x500 C:\M66_OpenCPU_GS3_SDK_V2.0_Eclipse\libs\gcc\libapp_start.a(lib_ril_sms.o)
 .text.LIB_SMS_EncodeSubmitPDU
                0x00000000      0x730 C:\M66_OpenCPU_GS3_SDK_V2.0_Eclipse\libs\gcc\libapp_start.a(lib_ril_sms.o)
 .rodata        0x00000000      0x3bc C:\M66_OpenCPU_GS3_SDK_V2.0_Eclipse\libs\gcc\libapp_start.a(lib_ril_sms.o)
 .comment       0x00000000       0x31 C:\M66_OpenCPU_GS3_SDK_V2.0_Eclipse\libs\gcc\libapp_start.a(lib_ril_sms.o)
 .ARM.attributes
                0x00000000       0x2b C:\M66_OpenCPU_GS3_SDK_V2.0_Eclipse\libs\gcc\libapp_start.a(lib_ril_sms.o)
 .text          0x00000000        0x0 C:\M66_OpenCPU_GS3_SDK_V2.0_Eclipse\libs\gcc\libapp_start.a(memory.o)
 .data          0x00000000        0x0 C:\M66_OpenCPU_GS3_SDK_V2.0_Eclipse\libs\gcc\libapp_start.a(memory.o)
 .text          0x00000000        0x0 C:\M66_OpenCPU_GS3_SDK_V2.0_Eclipse\libs\gcc\libapp_start.a(ql_func.o)
 .text.Ql_StartPlayAudioStream
                0x00000000       0x7c C:\M66_OpenCPU_GS3_SDK_V2.0_Eclipse\libs\gcc\libapp_start.a(ql_func.o)
 .text.Ql_StopPlayAudioStream
                0x00000000       0x4c C:\M66_OpenCPU_GS3_SDK_V2.0_Eclipse\libs\gcc\libapp_start.a(ql_func.o)
 .text.Ql_GetRelativeTime_Counter
                0x00000000       0x40 C:\M66_OpenCPU_GS3_SDK_V2.0_Eclipse\libs\gcc\libapp_start.a(ql_func.o)
 .text.Ql_SecondToTicks
                0x00000000       0x48 C:\M66_OpenCPU_GS3_SDK_V2.0_Eclipse\libs\gcc\libapp_start.a(ql_func.o)
 .text.Ql_MillisecondToTicks
                0x00000000       0x48 C:\M66_OpenCPU_GS3_SDK_V2.0_Eclipse\libs\gcc\libapp_start.a(ql_func.o)
 .text.Ql_CalendarTime2LocalTime
                0x00000000       0x58 C:\M66_OpenCPU_GS3_SDK_V2.0_Eclipse\libs\gcc\libapp_start.a(ql_func.o)
 .text.Ql_osChangeTaskPriority
                0x00000000       0x50 C:\M66_OpenCPU_GS3_SDK_V2.0_Eclipse\libs\gcc\libapp_start.a(ql_func.o)
 .rodata.str1.1
                0x00000000       0xa3 C:\M66_OpenCPU_GS3_SDK_V2.0_Eclipse\libs\gcc\libapp_start.a(ql_func.o)
 .text          0x00000000        0x0 C:\M66_OpenCPU_GS3_SDK_V2.0_Eclipse\libs\gcc\libapp_start.a(ql_main.o)
 .data          0x00000000        0x0 C:\M66_OpenCPU_GS3_SDK_V2.0_Eclipse\libs\gcc\libapp_start.a(ql_main.o)
 .text          0x00000000        0x0 C:\M66_OpenCPU_GS3_SDK_V2.0_Eclipse\libs\gcc\libapp_start.a(ril_aux.o)
 .text          0x00000000        0x0 C:\M66_OpenCPU_GS3_SDK_V2.0_Eclipse\libs\gcc\libapp_start.a(ril_main.o)
 .text.get_ril_init_status
                0x00000000       0x10 C:\M66_OpenCPU_GS3_SDK_V2.0_Eclipse\libs\gcc\libapp_start.a(ril_main.o)
 .text          0x00000000        0x0 C:\M66_OpenCPU_GS3_SDK_V2.0_Eclipse\libs\gcc\libapp_start.a(stdlib_func.o)
 .data          0x00000000        0x0 C:\M66_OpenCPU_GS3_SDK_V2.0_Eclipse\libs\gcc\libapp_start.a(stdlib_func.o)
 .text.Ql_create_api_hash
                0x00000000       0x28 C:\M66_OpenCPU_GS3_SDK_V2.0_Eclipse\libs\gcc\libapp_start.a(stdlib_func.o)
 .text.Ql_ui64toa
                0x00000000       0xac C:\M66_OpenCPU_GS3_SDK_V2.0_Eclipse\libs\gcc\libapp_start.a(stdlib_func.o)
 .text.Ql_itoa  0x00000000       0x9c C:\M66_OpenCPU_GS3_SDK_V2.0_Eclipse\libs\gcc\libapp_start.a(stdlib_func.o)
 .text.Ql_strcat
                0x00000000       0x80 C:\M66_OpenCPU_GS3_SDK_V2.0_Eclipse\libs\gcc\libapp_start.a(stdlib_func.o)
 .text.Ql_strncat
                0x00000000       0x88 C:\M66_OpenCPU_GS3_SDK_V2.0_Eclipse\libs\gcc\libapp_start.a(stdlib_func.o)
 .text.Ql_memcmp
                0x00000000       0x70 C:\M66_OpenCPU_GS3_SDK_V2.0_Eclipse\libs\gcc\libapp_start.a(stdlib_func.o)
 .text.Ql_memmove
                0x00000000       0x88 C:\M66_OpenCPU_GS3_SDK_V2.0_Eclipse\libs\gcc\libapp_start.a(stdlib_func.o)
 .text.Ql_strchr
                0x00000000       0x80 C:\M66_OpenCPU_GS3_SDK_V2.0_Eclipse\libs\gcc\libapp_start.a(stdlib_func.o)
 .text.Ql_tolower
                0x00000000        0x8 C:\M66_OpenCPU_GS3_SDK_V2.0_Eclipse\libs\gcc\libapp_start.a(stdlib_func.o)
 .text.Ql_isdigit
                0x00000000       0x14 C:\M66_OpenCPU_GS3_SDK_V2.0_Eclipse\libs\gcc\libapp_start.a(stdlib_func.o)
 .text          0x00000000        0x0 C:\M66_OpenCPU_GS3_SDK_V2.0_Eclipse\libs\gcc\libapp_start.a(system.o)
 .data          0x00000000        0x0 C:\M66_OpenCPU_GS3_SDK_V2.0_Eclipse\libs\gcc\libapp_start.a(system.o)
 .text.Ql_Reset
                0x00000000       0x74 C:\M66_OpenCPU_GS3_SDK_V2.0_Eclipse\libs\gcc\libapp_start.a(system.o)
 .text.Ql_GetUID
                0x00000000       0x68 C:\M66_OpenCPU_GS3_SDK_V2.0_Eclipse\libs\gcc\libapp_start.a(system.o)
 .text.Ql_GetCoreVer
                0x00000000       0x6c C:\M66_OpenCPU_GS3_SDK_V2.0_Eclipse\libs\gcc\libapp_start.a(system.o)
 .text          0x00000000        0x0 C:\M66_OpenCPU_GS3_SDK_V2.0_Eclipse\libs\gcc\libapp_start.a(taskMngt.o)
 .data          0x00000000        0x0 C:\M66_OpenCPU_GS3_SDK_V2.0_Eclipse\libs\gcc\libapp_start.a(taskMngt.o)
 .text.Ql_OS_CreateSemaphore
                0x00000000       0x5c C:\M66_OpenCPU_GS3_SDK_V2.0_Eclipse\libs\gcc\libapp_start.a(taskMngt.o)
 .text.Ql_OS_TakeSemaphore
                0x00000000       0x5c C:\M66_OpenCPU_GS3_SDK_V2.0_Eclipse\libs\gcc\libapp_start.a(taskMngt.o)
 .text.Ql_OS_GiveSemaphore
                0x00000000       0x54 C:\M66_OpenCPU_GS3_SDK_V2.0_Eclipse\libs\gcc\libapp_start.a(taskMngt.o)
 .text.Ql_OS_GetActiveTaskId
                0x00000000       0x58 C:\M66_OpenCPU_GS3_SDK_V2.0_Eclipse\libs\gcc\libapp_start.a(taskMngt.o)
 .text.Ql_SetLastErrorCode
                0x00000000       0x60 C:\M66_OpenCPU_GS3_SDK_V2.0_Eclipse\libs\gcc\libapp_start.a(taskMngt.o)
 .text.Ql_GetLastErrorCode
                0x00000000       0x58 C:\M66_OpenCPU_GS3_SDK_V2.0_Eclipse\libs\gcc\libapp_start.a(taskMngt.o)
 .text.Ql_OS_GetCurrentTaskPriority
                0x00000000       0x4c C:\M66_OpenCPU_GS3_SDK_V2.0_Eclipse\libs\gcc\libapp_start.a(taskMngt.o)
 .text.Ql_OS_GetCurrenTaskLeftStackSize
                0x00000000       0x4c C:\M66_OpenCPU_GS3_SDK_V2.0_Eclipse\libs\gcc\libapp_start.a(taskMngt.o)
 .text          0x00000000        0x0 C:\M66_OpenCPU_GS3_SDK_V2.0_Eclipse\libs\gcc\libapp_start.a(timer.o)
 .data          0x00000000        0x0 C:\M66_OpenCPU_GS3_SDK_V2.0_Eclipse\libs\gcc\libapp_start.a(timer.o)
 .text.Ql_Timer_RegisterFast
                0x00000000       0x70 C:\M66_OpenCPU_GS3_SDK_V2.0_Eclipse\libs\gcc\libapp_start.a(timer.o)
 .text          0x00000000        0x0 C:\M66_OpenCPU_GS3_SDK_V2.0_Eclipse\libs\gcc\libapp_start.a(uart.o)
 .data          0x00000000        0x0 C:\M66_OpenCPU_GS3_SDK_V2.0_Eclipse\libs\gcc\libapp_start.a(uart.o)
 .text.Ql_UART_OpenEx
                0x00000000       0x68 C:\M66_OpenCPU_GS3_SDK_V2.0_Eclipse\libs\gcc\libapp_start.a(uart.o)
 .text.Ql_UART_RX_Enable
                0x00000000       0x5c C:\M66_OpenCPU_GS3_SDK_V2.0_Eclipse\libs\gcc\libapp_start.a(uart.o)
 .text.Ql_UART_RX_Disable
                0x00000000       0x5c C:\M66_OpenCPU_GS3_SDK_V2.0_Eclipse\libs\gcc\libapp_start.a(uart.o)
 .text.Ql_UART_SetDCBConfig
                0x00000000       0x68 C:\M66_OpenCPU_GS3_SDK_V2.0_Eclipse\libs\gcc\libapp_start.a(uart.o)
 .text.Ql_UART_GetDCBConfig
                0x00000000       0x68 C:\M66_OpenCPU_GS3_SDK_V2.0_Eclipse\libs\gcc\libapp_start.a(uart.o)
 .text.Ql_UART_ClrRxBuffer
                0x00000000       0x54 C:\M66_OpenCPU_GS3_SDK_V2.0_Eclipse\libs\gcc\libapp_start.a(uart.o)
 .text.Ql_UART_ClrTxBuffer
                0x00000000       0x54 C:\M66_OpenCPU_GS3_SDK_V2.0_Eclipse\libs\gcc\libapp_start.a(uart.o)
 .text.Ql_UART_GetOption
                0x00000000       0x70 C:\M66_OpenCPU_GS3_SDK_V2.0_Eclipse\libs\gcc\libapp_start.a(uart.o)
 .text.Ql_UART_SetOption
                0x00000000       0x70 C:\M66_OpenCPU_GS3_SDK_V2.0_Eclipse\libs\gcc\libapp_start.a(uart.o)
 .text.Ql_UART_SetPinStatus
                0x00000000       0x70 C:\M66_OpenCPU_GS3_SDK_V2.0_Eclipse\libs\gcc\libapp_start.a(uart.o)
 .text.Ql_UART_Close
                0x00000000       0x54 C:\M66_OpenCPU_GS3_SDK_V2.0_Eclipse\libs\gcc\libapp_start.a(uart.o)
 .data          0x00000000        0x0 C:\M66_OpenCPU_GS3_SDK_V2.0_Eclipse\libs\gcc\libapp_start.a(ocpu_init.o)
 .bss           0x00000000        0x0 C:\M66_OpenCPU_GS3_SDK_V2.0_Eclipse\libs\gcc\libapp_start.a(ocpu_init.o)
 .data          0x00000000        0x0 C:\Program Files\CodeSourcery\Sourcery_CodeBench_Lite_for_ARM_EABI\arm-none-eabi\lib\thumb\libc.a(lib_a-memcpy.o)
 .bss           0x00000000        0x0 C:\Program Files\CodeSourcery\Sourcery_CodeBench_Lite_for_ARM_EABI\arm-none-eabi\lib\thumb\libc.a(lib_a-memcpy.o)
 .data          0x00000000        0x0 C:\Program Files\CodeSourcery\Sourcery_CodeBench_Lite_for_ARM_EABI\arm-none-eabi\lib\thumb\libc.a(lib_a-memset.o)
 .bss           0x00000000        0x0 C:\Program Files\CodeSourcery\Sourcery_CodeBench_Lite_for_ARM_EABI\arm-none-eabi\lib\thumb\libc.a(lib_a-memset.o)
 .text          0x00000000      0x11c C:\Program Files\CodeSourcery\Sourcery_CodeBench_Lite_for_ARM_EABI\lib\gcc\arm-none-eabi\4.7.2\thumb\libgcc.a(_udivsi3.o)
 .data          0x00000000        0x0 C:\Program Files\CodeSourcery\Sourcery_CodeBench_Lite_for_ARM_EABI\lib\gcc\arm-none-eabi\4.7.2\thumb\libgcc.a(_udivsi3.o)
 .bss           0x00000000        0x0 C:\Program Files\CodeSourcery\Sourcery_CodeBench_Lite_for_ARM_EABI\lib\gcc\arm-none-eabi\4.7.2\thumb\libgcc.a(_udivsi3.o)
 .debug_frame   0x00000000       0x20 C:\Program Files\CodeSourcery\Sourcery_CodeBench_Lite_for_ARM_EABI\lib\gcc\arm-none-eabi\4.7.2\thumb\libgcc.a(_udivsi3.o)
 .ARM.attributes
                0x00000000       0x18 C:\Program Files\CodeSourcery\Sourcery_CodeBench_Lite_for_ARM_EABI\lib\gcc\arm-none-eabi\4.7.2\thumb\libgcc.a(_udivsi3.o)
 .text          0x00000000      0x150 C:\Program Files\CodeSourcery\Sourcery_CodeBench_Lite_for_ARM_EABI\lib\gcc\arm-none-eabi\4.7.2\thumb\libgcc.a(_divsi3.o)
 .data          0x00000000        0x0 C:\Program Files\CodeSourcery\Sourcery_CodeBench_Lite_for_ARM_EABI\lib\gcc\arm-none-eabi\4.7.2\thumb\libgcc.a(_divsi3.o)
 .bss           0x00000000        0x0 C:\Program Files\CodeSourcery\Sourcery_CodeBench_Lite_for_ARM_EABI\lib\gcc\arm-none-eabi\4.7.2\thumb\libgcc.a(_divsi3.o)
 .debug_frame   0x00000000       0x20 C:\Program Files\CodeSourcery\Sourcery_CodeBench_Lite_for_ARM_EABI\lib\gcc\arm-none-eabi\4.7.2\thumb\libgcc.a(_divsi3.o)
 .ARM.attributes
                0x00000000       0x18 C:\Program Files\CodeSourcery\Sourcery_CodeBench_Lite_for_ARM_EABI\lib\gcc\arm-none-eabi\4.7.2\thumb\libgcc.a(_divsi3.o)
 .text          0x00000000        0x4 C:\Program Files\CodeSourcery\Sourcery_CodeBench_Lite_for_ARM_EABI\lib\gcc\arm-none-eabi\4.7.2\thumb\libgcc.a(_dvmd_tls.o)
 .data          0x00000000        0x0 C:\Program Files\CodeSourcery\Sourcery_CodeBench_Lite_for_ARM_EABI\lib\gcc\arm-none-eabi\4.7.2\thumb\libgcc.a(_dvmd_tls.o)
 .bss           0x00000000        0x0 C:\Program Files\CodeSourcery\Sourcery_CodeBench_Lite_for_ARM_EABI\lib\gcc\arm-none-eabi\4.7.2\thumb\libgcc.a(_dvmd_tls.o)
 .ARM.attributes
                0x00000000       0x16 C:\Program Files\CodeSourcery\Sourcery_CodeBench_Lite_for_ARM_EABI\lib\gcc\arm-none-eabi\4.7.2\thumb\libgcc.a(_dvmd_tls.o)
 .data          0x00000000        0x0 C:\Program Files\CodeSourcery\Sourcery_CodeBench_Lite_for_ARM_EABI\lib\gcc\arm-none-eabi\4.7.2\thumb\libgcc.a(_arm_fixdfsi.o)
 .bss           0x00000000        0x0 C:\Program Files\CodeSourcery\Sourcery_CodeBench_Lite_for_ARM_EABI\lib\gcc\arm-none-eabi\4.7.2\thumb\libgcc.a(_arm_fixdfsi.o)
 .data          0x00000000        0x0 C:\Program Files\CodeSourcery\Sourcery_CodeBench_Lite_for_ARM_EABI\lib\gcc\arm-none-eabi\4.7.2\thumb\libgcc.a(_arm_truncdfsf2.o)
 .bss           0x00000000        0x0 C:\Program Files\CodeSourcery\Sourcery_CodeBench_Lite_for_ARM_EABI\lib\gcc\arm-none-eabi\4.7.2\thumb\libgcc.a(_arm_truncdfsf2.o)

Memory Configuration

Name             Origin             Length             Attributes
ROM              0x102c7040         0x0005a000         xr
RAM              0xf03d2000         0x00019000         xrw
*default*        0x00000000         0xffffffff

Linker script and memory map

LOAD ./ril/src/ril_alarm.o
LOAD ./ril/src/ril_atResponse.o
LOAD ./ril/src/ril_audio.o
LOAD ./ril/src/ril_bluetooth.o
LOAD ./ril/src/ril_custom.o
LOAD ./ril/src/ril_dtmf.o
LOAD ./ril/src/ril_ftp.o
LOAD ./ril/src/ril_http.o
LOAD ./ril/src/ril_init.o
LOAD ./ril/src/ril_location.o
LOAD ./ril/src/ril_network.o
LOAD ./ril/src/ril_sim.o
LOAD ./ril/src/ril_sms.o
LOAD ./ril/src/ril_system.o
LOAD ./ril/src/ril_telephony.o
LOAD ./ril/src/ril_urc.o
LOAD ./ril/src/ril_util.o
LOAD ./example/Example_gps_iic.o
LOAD ./example/example_adc.o
LOAD ./example/example_alarm.o
LOAD ./example/example_audio.o
LOAD ./example/example_bluetooth.o
LOAD ./example/example_call.o
LOAD ./example/example_clk.o
LOAD ./example/example_csd.o
LOAD ./example/example_download_epo.o
LOAD ./example/example_dtmf.o
LOAD ./example/example_eint.o
LOAD ./example/example_file.o
LOAD ./example/example_float_math.o
LOAD ./example/example_fota_ftp.o
LOAD ./example/example_fota_http.o
LOAD ./example/example_ftp.o
LOAD ./example/example_gpio.o
LOAD ./example/example_http.o
LOAD ./example/example_iic.o
LOAD ./example/example_location.o
LOAD ./example/example_memory.o
LOAD ./example/example_multitask.o
LOAD ./example/example_multitask_port.o
LOAD ./example/example_pwm.o
LOAD ./example/example_sms.o
LOAD ./example/example_spi.o
LOAD ./example/example_system.o
LOAD ./example/example_tcp_demo.o
LOAD ./example/example_tcpclient.o
LOAD ./example/example_tcpserver.o
LOAD ./example/example_time.o
LOAD ./example/example_timer.o
LOAD ./example/example_transpass.o
LOAD ./example/example_udpclient.o
LOAD ./example/example_udpserver.o
LOAD ./example/example_watchdog.o
LOAD ./example/nema_pro.o
LOAD ./example/utility.o
LOAD ./custom/fota/src/fota_ftp.o
LOAD ./custom/fota/src/fota_http.o
LOAD ./custom/fota/src/fota_http_code.o
LOAD ./custom/fota/src/fota_main.o
LOAD ./custom/config/custom_sys_cfg.o
LOAD ./custom/config/sys_config.o
LOAD ./custom/main.o
LOAD C:\M66_OpenCPU_GS3_SDK_V2.0_Eclipse\libs\gcc\libapp_start.a
LOAD C:\Program Files\CodeSourcery\Sourcery_CodeBench_Lite_for_ARM_EABI\arm-none-eabi\lib\thumb\libm.a
LOAD C:\Program Files\CodeSourcery\Sourcery_CodeBench_Lite_for_ARM_EABI\arm-none-eabi\lib\thumb\libc.a
LOAD C:\Program Files\CodeSourcery\Sourcery_CodeBench_Lite_for_ARM_EABI\arm-none-eabi\lib\thumb\libcs3.a
LOAD C:\Program Files\CodeSourcery\Sourcery_CodeBench_Lite_for_ARM_EABI\lib\gcc\arm-none-eabi\4.7.2\thumb\libgcc.a
START GROUP
LOAD C:\Program Files\CodeSourcery\Sourcery_CodeBench_Lite_for_ARM_EABI\lib\gcc\arm-none-eabi\4.7.2\thumb\libgcc.a
LOAD C:\Program Files\CodeSourcery\Sourcery_CodeBench_Lite_for_ARM_EABI\arm-none-eabi\lib\thumb\libc.a
END GROUP
                0x102c7040                . = 0x102c7040

.initdata       0x102c7040       0x2c
 *(.initdata)
 .initdata      0x102c7040       0x2c C:\M66_OpenCPU_GS3_SDK_V2.0_Eclipse\libs\gcc\libapp_start.a(ql_main.o)
                0x102c7040                GADLENTRY

text            0x102c706c     0x76dc
 *(.text)
 .text          0x102c706c       0xfc ./ril/src/ril_atResponse.o
                0x102c706c                Ql_RIL_AT_GetErrCode
                0x102c707c                Ql_RIL_AT_SetErrCode
                0x102c7090                Default_atRsp_callback
 .text          0x102c7168     0x3054 ./ril/src/ril_bluetooth.o
                0x102c7cc8                BT_DevMngmt_GetDeviceId
                0x102c7d10                BT_DevMngmt_GetPairedId
                0x102c7d58                BT_DevMngmt_GetConnId
                0x102c7da0                BT_DevMngmt_GetProfileId
                0x102c7de8                BT_DevMngmt_GetDevName
                0x102c7e30                BT_DevMngmt_GetDevAddr
                0x102c7e78                RIL_BT_Switch
                0x102c7f00                RIL_BT_GetPwrState
                0x102c7f70                RIL_BT_SetName
                0x102c800c                RIL_BT_GetName
                0x102c8148                RIL_BT_GetLocalAddr
                0x102c8240                RIL_BT_SetVisble
                0x102c82f4                OnURCHandler_BTVisible
                0x102c83e8                RIL_BT_GetVisble
                0x102c845c                OnURCHandler_BTScan
                0x102c8720                RIL_BT_GetDevListInfo
                0x102c8798                RIL_BT_GetDevListPointer
                0x102c87a4                RIL_BT_StopScan
                0x102c87fc                RIL_BT_QueryState
                0x102c8860                RIL_BT_StartScan
                0x102c8920                RIL_BT_Initialize
                0x102c8954                RIL_BT_PairReq
                0x102c89fc                OnURCHandler_BTPair
                0x102c8c08                RIL_BT_PairConfirm
                0x102c8cbc                OnURCHandler_BTPairCnf
                0x102c8ef8                RIL_BT_Unpair
                0x102c905c                RIL_BT_GetSupportedProfile
                0x102c9198                RIL_BT_ConnReq
                0x102c9260                OnURCHandler_BTConn
                0x102c94f4                RIL_BT_SPP_DirectConn
                0x102c957c                RIL_BT_ConnAccept
                0x102c9604                OnURCHandler_BTConnCnf
                0x102c9958                RIL_BT_Disconnect
                0x102c9a08                OnURCHandler_BTDisconn
                0x102c9c30                RIL_BT_SPP_Send
                0x102c9d08                RIL_BT_SPP_Read
                0x102c9de4                OnURCHandler_BTIndication
 .text          0x102ca1bc       0x20 ./ril/src/ril_custom.o
                0x102ca1bc                Ql_RIL_RcvDataFrmCore
 .text          0x102ca1dc      0x5b8 ./ril/src/ril_dtmf.o
                0x102ca2d8                RIL_ToneDet_Open
                0x102ca35c                RIL_ToneDet_Close
                0x102ca3d4                RIL_ToneDet_Set
                0x102ca480                RIL_ToneDet_Get
                0x102ca540                OnURCHandler_QToneDet
                0x102ca634                RIL_WDTMF_Send
                0x102ca6f0                OnURCHandler_QWDTMF
 .text          0x102ca794      0x494 ./ril/src/ril_http.o
                0x102ca8c0                RIL_HTTP_SetServerURL
                0x102ca978                RIL_HTTP_RequestToGet
                0x102caa10                RIL_HTTP_RequestToPost
                0x102caac4                RIL_HTTP_ReadResponse
                0x102cab78                RIL_HTTP_DownloadFile
 .text          0x102cac28       0x10 ./ril/src/ril_init.o
                0x102cac28                RIL_GetInitCmdCnt
                0x102cac30                RIL_GetLimitedCmdCnt
 .text          0x102cac38      0x248 ./ril/src/ril_location.o
                0x102cac38                RIL_GetLocation
                0x102cacb8                RIL_GetLocationByCell
                0x102cada8                OnURCHandler_QCELLLocation
 .text          0x102cae80      0xb70 ./ril/src/ril_network.o
                0x102cb260                RIL_NW_GetGSMState
                0x102cb2d4                RIL_NW_GetGPRSState
                0x102cb350                RIL_NW_GetSignalQuality
                0x102cb3e0                RIL_NW_SetGPRSContext
                0x102cb45c                RIL_NW_SetAPN
                0x102cb56c                RIL_NW_GetIpStatusByName
                0x102cb81c                RIL_NW_GetIPStatus
                0x102cb864                RIL_NW_OpenPDPContext
                0x102cb914                RIL_NW_ClosePDPContext
                0x102cb97c                RIL_NW_GetOperator
 .text          0x102cb9f0      0x5a4 ./ril/src/ril_sim.o
                0x102cbb50                RIL_SIM_GetSimStateByName
                0x102cbe38                RIL_SIM_GetSimState
                0x102cbeac                RIL_SIM_GetIMSI
                0x102cbf20                RIL_SIM_GetCCID
 .text          0x102cbf94      0xbd8 ./ril/src/ril_urc.o
                0x102cca1c                OnURCHandler
                0x102ccaec                Ql_RIL_IsURCStr
 .text          0x102ccb6c      0x4a0 ./ril/src/ril_util.o
                0x102ccb6c                Ql_StrPrefixMatch
                0x102ccbbc                Ql_StrToUpper
                0x102ccc18                Ql_HexStrToInt
                0x102cccac                Ql_RIL_FindString
                0x102ccd38                Ql_RIL_FindLine
                0x102ccfb8                Ql_GenHash
 .text          0x102cd00c     0x144c ./custom/main.o
                0x102cde60                proc_main_task
                0x102ce3d0                proc_subtask1
 .text          0x102ce458       0x4c C:\M66_OpenCPU_GS3_SDK_V2.0_Eclipse\libs\gcc\libapp_start.a(ocpu_init.o)
                0x102ce458                _OCPU_InitUserMem
 .text          0x102ce4a4      0x10c C:\Program Files\CodeSourcery\Sourcery_CodeBench_Lite_for_ARM_EABI\arm-none-eabi\lib\thumb\libc.a(lib_a-memcpy.o)
                0x102ce4a4                memcpy
 .text          0x102ce5b0       0x9c C:\Program Files\CodeSourcery\Sourcery_CodeBench_Lite_for_ARM_EABI\arm-none-eabi\lib\thumb\libc.a(lib_a-memset.o)
                0x102ce5b0                memset
 .text          0x102ce64c       0x5c C:\Program Files\CodeSourcery\Sourcery_CodeBench_Lite_for_ARM_EABI\lib\gcc\arm-none-eabi\4.7.2\thumb\libgcc.a(_arm_fixdfsi.o)
                0x102ce64c                __aeabi_d2iz
                0x102ce64c                __fixdfsi
 .text          0x102ce6a8       0xa0 C:\Program Files\CodeSourcery\Sourcery_CodeBench_Lite_for_ARM_EABI\lib\gcc\arm-none-eabi\4.7.2\thumb\libgcc.a(_arm_truncdfsf2.o)
                0x102ce6a8                __truncdfsf2
                0x102ce6a8                __aeabi_d2f

.glue_7         0x102ce748        0x0
 .glue_7        0x00000000        0x0 linker stubs

.glue_7t        0x102ce748        0x0
 .glue_7t       0x00000000        0x0 linker stubs

.vfp11_veneer   0x102ce748        0x0
 .vfp11_veneer  0x00000000        0x0 linker stubs

.v4_bx          0x102ce748        0x0
 .v4_bx         0x00000000        0x0 linker stubs

.iplt           0x102ce748        0x0
 .iplt          0x00000000        0x0 ./ril/src/ril_alarm.o

.text.Ql_GPRS_GetPDPCntxtState
                0x102ce748       0x60
 .text.Ql_GPRS_GetPDPCntxtState
                0x102ce748       0x60 C:\M66_OpenCPU_GS3_SDK_V2.0_Eclipse\libs\gcc\libapp_start.a(gprs.o)
                0x102ce748                Ql_GPRS_GetPDPCntxtState

.text.Ql_GPRS_GetPDPContextId
                0x102ce7a8       0x60
 .text.Ql_GPRS_GetPDPContextId
                0x102ce7a8       0x60 C:\M66_OpenCPU_GS3_SDK_V2.0_Eclipse\libs\gcc\libapp_start.a(gprs.o)
                0x102ce7a8                Ql_GPRS_GetPDPContextId

.text.Ql_MEM_Alloc
                0x102ce808       0x78
 .text.Ql_MEM_Alloc
                0x102ce808       0x78 C:\M66_OpenCPU_GS3_SDK_V2.0_Eclipse\libs\gcc\libapp_start.a(memory.o)
                0x102ce808                Ql_MEM_Alloc

.text.Ql_MEM_Free
                0x102ce880       0x74
 .text.Ql_MEM_Free
                0x102ce880       0x74 C:\M66_OpenCPU_GS3_SDK_V2.0_Eclipse\libs\gcc\libapp_start.a(memory.o)
                0x102ce880                Ql_MEM_Free

.text.ql_InitVFunc
                0x102ce8f4       0xd8
 .text.ql_InitVFunc
                0x102ce8f4       0xd8 C:\M66_OpenCPU_GS3_SDK_V2.0_Eclipse\libs\gcc\libapp_start.a(ql_main.o)
                0x102ce8f4                ql_InitVFunc

.text.ocpu_main
                0x102ce9cc       0xf0
 .text.ocpu_main
                0x102ce9cc       0xf0 C:\M66_OpenCPU_GS3_SDK_V2.0_Eclipse\libs\gcc\libapp_start.a(ql_main.o)
                0x102ce9cc                ocpu_main

.text.proc_reserved2
                0x102ceabc       0x70
 .text.proc_reserved2
                0x102ceabc       0x70 C:\M66_OpenCPU_GS3_SDK_V2.0_Eclipse\libs\gcc\libapp_start.a(ril_aux.o)
                0x102ceabc                proc_reserved2

.text.ril_StopATTimer
                0x102ceb2c       0x34
 .text.ril_StopATTimer
                0x102ceb2c       0x34 C:\M66_OpenCPU_GS3_SDK_V2.0_Eclipse\libs\gcc\libapp_start.a(ril_main.o)

.text.Callback_OnATTimer
                0x102ceb60       0x4c
 .text.Callback_OnATTimer
                0x102ceb60       0x4c C:\M66_OpenCPU_GS3_SDK_V2.0_Eclipse\libs\gcc\libapp_start.a(ril_main.o)

.text.CallBack_SerialPort_Hdlr
                0x102cebac      0x384
 .text.CallBack_SerialPort_Hdlr
                0x102cebac      0x384 C:\M66_OpenCPU_GS3_SDK_V2.0_Eclipse\libs\gcc\libapp_start.a(ril_main.o)

.text.proc_reserved1
                0x102cef30      0x200
 .text.proc_reserved1
                0x102cef30      0x200 C:\M66_OpenCPU_GS3_SDK_V2.0_Eclipse\libs\gcc\libapp_start.a(ril_main.o)
                0x102cef30                proc_reserved1

.text.Ql_RIL_Initialize
                0x102cf130       0xd4
 .text.Ql_RIL_Initialize
                0x102cf130       0xd4 C:\M66_OpenCPU_GS3_SDK_V2.0_Eclipse\libs\gcc\libapp_start.a(ril_main.o)
                0x102cf130                Ql_RIL_Initialize

.text.Ql_RIL_SendATCmd
                0x102cf204      0x260
 .text.Ql_RIL_SendATCmd
                0x102cf204      0x260 C:\M66_OpenCPU_GS3_SDK_V2.0_Eclipse\libs\gcc\libapp_start.a(ril_main.o)
                0x102cf204                Ql_RIL_SendATCmd

.text.Ql_RIL_WriteDataToCore
                0x102cf464       0x24
 .text.Ql_RIL_WriteDataToCore
                0x102cf464       0x24 C:\M66_OpenCPU_GS3_SDK_V2.0_Eclipse\libs\gcc\libapp_start.a(ril_main.o)
                0x102cf464                Ql_RIL_WriteDataToCore

.text.Ql_atof   0x102cf488       0x98
 .text.Ql_atof  0x102cf488       0x98 C:\M66_OpenCPU_GS3_SDK_V2.0_Eclipse\libs\gcc\libapp_start.a(stdlib_func.o)
                0x102cf488                Ql_atof

.text.Ql_strcpy
                0x102cf520       0xa0
 .text.Ql_strcpy
                0x102cf520       0xa0 C:\M66_OpenCPU_GS3_SDK_V2.0_Eclipse\libs\gcc\libapp_start.a(stdlib_func.o)
                0x102cf520                Ql_strcpy

.text.Ql_strncpy
                0x102cf5c0       0x88
 .text.Ql_strncpy
                0x102cf5c0       0x88 C:\M66_OpenCPU_GS3_SDK_V2.0_Eclipse\libs\gcc\libapp_start.a(stdlib_func.o)
                0x102cf5c0                Ql_strncpy

.text.Ql_strlen
                0x102cf648       0x78
 .text.Ql_strlen
                0x102cf648       0x78 C:\M66_OpenCPU_GS3_SDK_V2.0_Eclipse\libs\gcc\libapp_start.a(stdlib_func.o)
                0x102cf648                Ql_strlen

.text.Ql_strcmp
                0x102cf6c0       0x68
 .text.Ql_strcmp
                0x102cf6c0       0x68 C:\M66_OpenCPU_GS3_SDK_V2.0_Eclipse\libs\gcc\libapp_start.a(stdlib_func.o)
                0x102cf6c0                Ql_strcmp

.text.Ql_strncmp
                0x102cf728       0x70
 .text.Ql_strncmp
                0x102cf728       0x70 C:\M66_OpenCPU_GS3_SDK_V2.0_Eclipse\libs\gcc\libapp_start.a(stdlib_func.o)
                0x102cf728                Ql_strncmp

.text.Ql_memset
                0x102cf798       0x88
 .text.Ql_memset
                0x102cf798       0x88 C:\M66_OpenCPU_GS3_SDK_V2.0_Eclipse\libs\gcc\libapp_start.a(stdlib_func.o)
                0x102cf798                Ql_memset

.text.Ql_memcpy
                0x102cf820       0x88
 .text.Ql_memcpy
                0x102cf820       0x88 C:\M66_OpenCPU_GS3_SDK_V2.0_Eclipse\libs\gcc\libapp_start.a(stdlib_func.o)
                0x102cf820                Ql_memcpy

.text.Ql_strstr
                0x102cf8a8       0x80
 .text.Ql_strstr
                0x102cf8a8       0x80 C:\M66_OpenCPU_GS3_SDK_V2.0_Eclipse\libs\gcc\libapp_start.a(stdlib_func.o)
                0x102cf8a8                Ql_strstr

.text.Ql_toupper
                0x102cf928        0x8
 .text.Ql_toupper
                0x102cf928        0x8 C:\M66_OpenCPU_GS3_SDK_V2.0_Eclipse\libs\gcc\libapp_start.a(stdlib_func.o)
                0x102cf928                Ql_toupper

.text.Ql_atoi   0x102cf930       0x84
 .text.Ql_atoi  0x102cf930       0x84 C:\M66_OpenCPU_GS3_SDK_V2.0_Eclipse\libs\gcc\libapp_start.a(stdlib_func.o)
                0x102cf930                Ql_atoi

.text.Ql_Sleep  0x102cf9b4       0x74
 .text.Ql_Sleep
                0x102cf9b4       0x74 C:\M66_OpenCPU_GS3_SDK_V2.0_Eclipse\libs\gcc\libapp_start.a(system.o)
                0x102cf9b4                Ql_Sleep

.text.Ql_GetMsSincePwrOn
                0x102cfa28       0x84
 .text.Ql_GetMsSincePwrOn
                0x102cfa28       0x84 C:\M66_OpenCPU_GS3_SDK_V2.0_Eclipse\libs\gcc\libapp_start.a(system.o)
                0x102cfa28                Ql_GetMsSincePwrOn

.text.Ql_GetSDKVer
                0x102cfaac       0x64
 .text.Ql_GetSDKVer
                0x102cfaac       0x64 C:\M66_OpenCPU_GS3_SDK_V2.0_Eclipse\libs\gcc\libapp_start.a(system.o)
                0x102cfaac                Ql_GetSDKVer

.text.Ql_OS_GetMessage
                0x102cfb10       0x60
 .text.Ql_OS_GetMessage
                0x102cfb10       0x60 C:\M66_OpenCPU_GS3_SDK_V2.0_Eclipse\libs\gcc\libapp_start.a(taskMngt.o)
                0x102cfb10                Ql_OS_GetMessage

.text.Ql_OS_SendMessage
                0x102cfb70       0x78
 .text.Ql_OS_SendMessage
                0x102cfb70       0x78 C:\M66_OpenCPU_GS3_SDK_V2.0_Eclipse\libs\gcc\libapp_start.a(taskMngt.o)
                0x102cfb70                Ql_OS_SendMessage

.text.Ql_OS_CreateMutex
                0x102cfbe8       0x54
 .text.Ql_OS_CreateMutex
                0x102cfbe8       0x54 C:\M66_OpenCPU_GS3_SDK_V2.0_Eclipse\libs\gcc\libapp_start.a(taskMngt.o)
                0x102cfbe8                Ql_OS_CreateMutex

.text.Ql_OS_TakeMutex
                0x102cfc3c       0x54
 .text.Ql_OS_TakeMutex
                0x102cfc3c       0x54 C:\M66_OpenCPU_GS3_SDK_V2.0_Eclipse\libs\gcc\libapp_start.a(taskMngt.o)
                0x102cfc3c                Ql_OS_TakeMutex

.text.Ql_OS_GiveMutex
                0x102cfc90       0x54
 .text.Ql_OS_GiveMutex
                0x102cfc90       0x54 C:\M66_OpenCPU_GS3_SDK_V2.0_Eclipse\libs\gcc\libapp_start.a(taskMngt.o)
                0x102cfc90                Ql_OS_GiveMutex

.text.Ql_OS_CreateEvent
                0x102cfce4       0x54
 .text.Ql_OS_CreateEvent
                0x102cfce4       0x54 C:\M66_OpenCPU_GS3_SDK_V2.0_Eclipse\libs\gcc\libapp_start.a(taskMngt.o)
                0x102cfce4                Ql_OS_CreateEvent

.text.Ql_OS_WaitEvent
                0x102cfd38       0x68
 .text.Ql_OS_WaitEvent
                0x102cfd38       0x68 C:\M66_OpenCPU_GS3_SDK_V2.0_Eclipse\libs\gcc\libapp_start.a(taskMngt.o)
                0x102cfd38                Ql_OS_WaitEvent

.text.Ql_OS_SetEvent
                0x102cfda0       0x68
 .text.Ql_OS_SetEvent
                0x102cfda0       0x68 C:\M66_OpenCPU_GS3_SDK_V2.0_Eclipse\libs\gcc\libapp_start.a(taskMngt.o)
                0x102cfda0                Ql_OS_SetEvent

.text.Ql_Timer_Register
                0x102cfe08       0x70
 .text.Ql_Timer_Register
                0x102cfe08       0x70 C:\M66_OpenCPU_GS3_SDK_V2.0_Eclipse\libs\gcc\libapp_start.a(timer.o)
                0x102cfe08                Ql_Timer_Register

.text.Ql_Timer_Start
                0x102cfe78       0x70
 .text.Ql_Timer_Start
                0x102cfe78       0x70 C:\M66_OpenCPU_GS3_SDK_V2.0_Eclipse\libs\gcc\libapp_start.a(timer.o)
                0x102cfe78                Ql_Timer_Start

.text.Ql_Timer_Stop
                0x102cfee8       0x60
 .text.Ql_Timer_Stop
                0x102cfee8       0x60 C:\M66_OpenCPU_GS3_SDK_V2.0_Eclipse\libs\gcc\libapp_start.a(timer.o)
                0x102cfee8                Ql_Timer_Stop

.text.Ql_UART_Register
                0x102cff48       0x70
 .text.Ql_UART_Register
                0x102cff48       0x70 C:\M66_OpenCPU_GS3_SDK_V2.0_Eclipse\libs\gcc\libapp_start.a(uart.o)
                0x102cff48                Ql_UART_Register

.text.Ql_UART_Open
                0x102cffb8       0x70
 .text.Ql_UART_Open
                0x102cffb8       0x70 C:\M66_OpenCPU_GS3_SDK_V2.0_Eclipse\libs\gcc\libapp_start.a(uart.o)
                0x102cffb8                Ql_UART_Open

.text.Ql_UART_Write
                0x102d0028       0x70
 .text.Ql_UART_Write
                0x102d0028       0x70 C:\M66_OpenCPU_GS3_SDK_V2.0_Eclipse\libs\gcc\libapp_start.a(uart.o)
                0x102d0028                Ql_UART_Write

.text.Ql_UART_Read
                0x102d0098       0x70
 .text.Ql_UART_Read
                0x102d0098       0x70 C:\M66_OpenCPU_GS3_SDK_V2.0_Eclipse\libs\gcc\libapp_start.a(uart.o)
                0x102d0098                Ql_UART_Read

.text.Ql_UART_GetPinStatus
                0x102d0108       0x68
 .text.Ql_UART_GetPinStatus
                0x102d0108       0x68 C:\M66_OpenCPU_GS3_SDK_V2.0_Eclipse\libs\gcc\libapp_start.a(uart.o)
                0x102d0108                Ql_UART_GetPinStatus

.text.Ql_UART_SendEscap
                0x102d0170       0x60
 .text.Ql_UART_SendEscap
                0x102d0170       0x60 C:\M66_OpenCPU_GS3_SDK_V2.0_Eclipse\libs\gcc\libapp_start.a(uart.o)
                0x102d0170                Ql_UART_SendEscap

.rodata         0x102d01d0      0xe0c
 *(.rodata)
 .rodata        0x102d01d0      0x11c ./ril/src/ril_bluetooth.o
 .rodata        0x102d02ec       0x1c ./ril/src/ril_dtmf.o
 .rodata        0x102d0308       0x68 ./ril/src/ril_http.o
 .rodata        0x102d0370       0x10 ./ril/src/ril_location.o
 .rodata        0x102d0380       0x68 ./ril/src/ril_network.o
 .rodata        0x102d03e8       0x48 ./ril/src/ril_sim.o
 .rodata        0x102d0430      0x850 ./ril/src/ril_urc.o
 .rodata        0x102d0c80       0x4c ./custom/config/custom_sys_cfg.o
                0x102d0c84                SystemCfg
 .rodata        0x102d0ccc       0x68 ./custom/config/sys_config.o
                0x102d0ccc                GpioConfigTbl
                0x102d0cd0                TaskConfig
 .rodata        0x102d0d34      0x278 ./custom/main.o
 .rodata        0x102d0fac       0x16 C:\M66_OpenCPU_GS3_SDK_V2.0_Eclipse\libs\gcc\libapp_start.a(ql_main.o)
 .rodata        0x102d0fc2        0x4 C:\M66_OpenCPU_GS3_SDK_V2.0_Eclipse\libs\gcc\libapp_start.a(ril_main.o)
 .rodata        0x102d0fc6       0x16 C:\M66_OpenCPU_GS3_SDK_V2.0_Eclipse\libs\gcc\libapp_start.a(system.o)

.rodata.str1.4  0x102d0fdc     0x1214
 .rodata.str1.4
                0x102d0fdc       0x30 ./ril/src/ril_atResponse.o
                                 0x34 (size before relaxing)
 .rodata.str1.4
                0x102d100c      0x518 ./ril/src/ril_bluetooth.o
                                0x544 (size before relaxing)
 .rodata.str1.4
                0x102d1524       0xc3 ./ril/src/ril_dtmf.o
                                 0xdc (size before relaxing)
 *fill*         0x102d15e7        0x1 
 .rodata.str1.4
                0x102d15e8       0x19 ./ril/src/ril_http.o
                                 0x34 (size before relaxing)
 *fill*         0x102d1601        0x3 
 .rodata.str1.4
                0x102d1604       0x63 ./ril/src/ril_init.o
                                 0x64 (size before relaxing)
 *fill*         0x102d1667        0x1 
 .rodata.str1.4
                0x102d1668       0x49 ./ril/src/ril_location.o
                                 0x6c (size before relaxing)
 *fill*         0x102d16b1        0x3 
 .rodata.str1.4
                0x102d16b4      0x11c ./ril/src/ril_network.o
                                0x13c (size before relaxing)
 .rodata.str1.4
                0x102d17d0       0xa4 ./ril/src/ril_sim.o
                                 0xc8 (size before relaxing)
 .rodata.str1.4
                0x102d1874      0x18c ./ril/src/ril_urc.o
                                0x194 (size before relaxing)
 .rodata.str1.4
                0x102d1a00       0x1d ./ril/src/ril_util.o
                                 0x20 (size before relaxing)
 *fill*         0x102d1a1d        0x3 
 .rodata.str1.4
                0x102d1a20      0x7d0 ./custom/main.o
                                0x7e8 (size before relaxing)

.rodata.str1.1  0x102d21f0      0x4c3
 .rodata.str1.1
                0x102d21f0       0xcb C:\M66_OpenCPU_GS3_SDK_V2.0_Eclipse\libs\gcc\libapp_start.a(gprs.o)
 .rodata.str1.1
                0x102d22bb       0x19 C:\M66_OpenCPU_GS3_SDK_V2.0_Eclipse\libs\gcc\libapp_start.a(memory.o)
 .rodata.str1.1
                0x102d22d4       0x56 C:\M66_OpenCPU_GS3_SDK_V2.0_Eclipse\libs\gcc\libapp_start.a(ql_main.o)
 .rodata.str1.1
                0x102d232a       0x1e C:\M66_OpenCPU_GS3_SDK_V2.0_Eclipse\libs\gcc\libapp_start.a(ril_main.o)
                                 0x25 (size before relaxing)
 .rodata.str1.1
                0x102d2348       0xa1 C:\M66_OpenCPU_GS3_SDK_V2.0_Eclipse\libs\gcc\libapp_start.a(stdlib_func.o)
 .rodata.str1.1
                0x102d23e9       0x3d C:\M66_OpenCPU_GS3_SDK_V2.0_Eclipse\libs\gcc\libapp_start.a(system.o)
 .rodata.str1.1
                0x102d2426      0x140 C:\M66_OpenCPU_GS3_SDK_V2.0_Eclipse\libs\gcc\libapp_start.a(taskMngt.o)
 .rodata.str1.1
                0x102d2566       0x45 C:\M66_OpenCPU_GS3_SDK_V2.0_Eclipse\libs\gcc\libapp_start.a(timer.o)
 .rodata.str1.1
                0x102d25ab      0x108 C:\M66_OpenCPU_GS3_SDK_V2.0_Eclipse\libs\gcc\libapp_start.a(uart.o)

.rel.dyn        0x102d26b4        0x0
 .rel.iplt      0x00000000        0x0 ./ril/src/ril_alarm.o

.data           0xf03d2000       0x50 load address 0x102d26b8
                0x102d26b8                PROVIDE (__data_load, LOADADDR (.data))
                0xf03d2000                PROVIDE (__data_start, .)
 *(.data)
 .data          0xf03d2000        0x1 ./ril/src/ril_bluetooth.o
 *fill*         0xf03d2001        0x3 
 .data          0xf03d2004       0x20 ./ril/src/ril_init.o
                0xf03d2004                g_LimitedCmds
                0xf03d200c                g_InitCmds
 .data          0xf03d2024       0x18 C:\M66_OpenCPU_GS3_SDK_V2.0_Eclipse\libs\gcc\libapp_start.a(ql_func.o)
                0xf03d2024                api_notsup
 .data          0xf03d203c        0x4 C:\M66_OpenCPU_GS3_SDK_V2.0_Eclipse\libs\gcc\libapp_start.a(ril_aux.o)
                0xf03d203c                g_ril_auxTaskId
 .data          0xf03d2040       0x10 C:\M66_OpenCPU_GS3_SDK_V2.0_Eclipse\libs\gcc\libapp_start.a(ril_main.o)
                0xf03d2050                . = ALIGN (0x8)
                0xf03d2050                PROVIDE (_edata, .)

.igot.plt       0xf03d2050        0x0 load address 0x102d2708
 .igot.plt      0x00000000        0x0 ./ril/src/ril_alarm.o

.bss            0xf03d2050     0x3abc load address 0x102d2708
                0xf03d2050                PROVIDE (__bss_start__, .)
 *(.bss)
 .bss           0xf03d2050        0x4 ./ril/src/ril_atResponse.o
 .bss           0xf03d2054        0x4 ./ril/src/ril_audio.o
                0xf03d2054                cb_aud_play
 .bss           0xf03d2058       0x98 ./ril/src/ril_bluetooth.o
 .bss           0xf03d20f0        0x4 ./ril/src/ril_custom.o
                0xf03d20f0                cb_rcvCoreData
 .bss           0xf03d20f4       0x10 ./ril/src/ril_dtmf.o
 .bss           0xf03d2104       0x18 ./ril/src/ril_http.o
                0xf03d2108                http_url_addr
                0xf03d210c                http_url_addr_len
                0xf03d2110                http_post_msg
                0xf03d2114                http_post_msg_len
                0xf03d2118                callback_http_dwnld
 .bss           0xf03d211c        0x4 ./ril/src/ril_location.o
 .bss           0xf03d2120        0x8 ./ril/src/ril_urc.o
                0xf03d2120                FtpGet_IND_CB
                0xf03d2124                FtpPut_IND_CB
 .bss           0xf03d2128      0x334 ./custom/main.o
 .bss           0xf03d245c       0x28 C:\M66_OpenCPU_GS3_SDK_V2.0_Eclipse\libs\gcc\libapp_start.a(gprs.o)
 .bss           0xf03d2484        0x8 C:\M66_OpenCPU_GS3_SDK_V2.0_Eclipse\libs\gcc\libapp_start.a(memory.o)
 .bss           0xf03d248c       0x24 C:\M66_OpenCPU_GS3_SDK_V2.0_Eclipse\libs\gcc\libapp_start.a(ql_func.o)
                0xf03d248c                m_StartPlayAudioStream
                0xf03d2490                m_get_api_ptr
                0xf03d2494                m_StopPlayAudioStream
                0xf03d2498                m_GetRelativeTime_Counter
                0xf03d249c                m_SecondToTicks
                0xf03d24a0                m_MillisecondToTicks
                0xf03d24a4                m_CalendarTime2LocalTime
                0xf03d24a8                m_osChangeTaskPriority
                0xf03d24ac                m_create_api_hash
 .bss           0xf03d24b0       0x10 C:\M66_OpenCPU_GS3_SDK_V2.0_Eclipse\libs\gcc\libapp_start.a(ql_main.o)
                0xf03d24b4                runinfo
 .bss           0xf03d24c0        0x1 C:\M66_OpenCPU_GS3_SDK_V2.0_Eclipse\libs\gcc\libapp_start.a(ril_aux.o)
                0xf03d24c0                g_ril_auxTaskReady
 *fill*         0xf03d24c1        0x3 
 .bss           0xf03d24c4      0xc34 C:\M66_OpenCPU_GS3_SDK_V2.0_Eclipse\libs\gcc\libapp_start.a(ril_main.o)
 .bss           0xf03d30f8       0x40 C:\M66_OpenCPU_GS3_SDK_V2.0_Eclipse\libs\gcc\libapp_start.a(stdlib_func.o)
 .bss           0xf03d3138       0x14 C:\M66_OpenCPU_GS3_SDK_V2.0_Eclipse\libs\gcc\libapp_start.a(system.o)
 .bss           0xf03d314c       0x40 C:\M66_OpenCPU_GS3_SDK_V2.0_Eclipse\libs\gcc\libapp_start.a(taskMngt.o)
 .bss           0xf03d318c       0x10 C:\M66_OpenCPU_GS3_SDK_V2.0_Eclipse\libs\gcc\libapp_start.a(timer.o)
 .bss           0xf03d319c       0x3c C:\M66_OpenCPU_GS3_SDK_V2.0_Eclipse\libs\gcc\libapp_start.a(uart.o)
                0xf03d31d8                . = ALIGN (0x8)
                0xf03d31d8                PROVIDE (__bss_end__, .)
 COMMON         0xf03d31d8      0x124 ./ril/src/ril_telephony.o
                0xf03d31d8                g_comingCall
 COMMON         0xf03d32fc     0x2800 ./custom/main.o
                0xf03d32fc                arrHttpRcvBuf
 COMMON         0xf03d5afc       0x10 C:\M66_OpenCPU_GS3_SDK_V2.0_Eclipse\libs\gcc\libapp_start.a(ql_main.o)
                0xf03d5afc                Ql_snprintf
                0xf03d5b00                Ql_sprintf
                0xf03d5b04                Ql_Debug_Trace
                0xf03d5b08                Ql_sscanf
OUTPUT(APPGS3MDM32A01.elf elf32-littlearm)

.comment        0x00000000       0x30
 .comment       0x00000000       0x30 ./ril/src/ril_atResponse.o
                                 0x31 (size before relaxing)
 .comment       0x00000000       0x31 ./ril/src/ril_audio.o
 .comment       0x00000000       0x31 ./ril/src/ril_bluetooth.o
 .comment       0x00000000       0x31 ./ril/src/ril_custom.o
 .comment       0x00000000       0x31 ./ril/src/ril_dtmf.o
 .comment       0x00000000       0x31 ./ril/src/ril_http.o
 .comment       0x00000000       0x31 ./ril/src/ril_init.o
 .comment       0x00000000       0x31 ./ril/src/ril_location.o
 .comment       0x00000000       0x31 ./ril/src/ril_network.o
 .comment       0x00000000       0x31 ./ril/src/ril_sim.o
 .comment       0x00000000       0x31 ./ril/src/ril_telephony.o
 .comment       0x00000000       0x31 ./ril/src/ril_urc.o
 .comment       0x00000000       0x31 ./ril/src/ril_util.o
 .comment       0x00000000       0x31 ./custom/config/custom_sys_cfg.o
 .comment       0x00000000       0x31 ./custom/config/sys_config.o
 .comment       0x00000000       0x31 ./custom/main.o
 .comment       0x00000000       0x31 C:\M66_OpenCPU_GS3_SDK_V2.0_Eclipse\libs\gcc\libapp_start.a(gprs.o)
 .comment       0x00000000       0x31 C:\M66_OpenCPU_GS3_SDK_V2.0_Eclipse\libs\gcc\libapp_start.a(memory.o)
 .comment       0x00000000       0x31 C:\M66_OpenCPU_GS3_SDK_V2.0_Eclipse\libs\gcc\libapp_start.a(ql_func.o)
 .comment       0x00000000       0x31 C:\M66_OpenCPU_GS3_SDK_V2.0_Eclipse\libs\gcc\libapp_start.a(ql_main.o)
 .comment       0x00000000       0x31 C:\M66_OpenCPU_GS3_SDK_V2.0_Eclipse\libs\gcc\libapp_start.a(ril_aux.o)
 .comment       0x00000000       0x31 C:\M66_OpenCPU_GS3_SDK_V2.0_Eclipse\libs\gcc\libapp_start.a(ril_main.o)
 .comment       0x00000000       0x31 C:\M66_OpenCPU_GS3_SDK_V2.0_Eclipse\libs\gcc\libapp_start.a(stdlib_func.o)
 .comment       0x00000000       0x31 C:\M66_OpenCPU_GS3_SDK_V2.0_Eclipse\libs\gcc\libapp_start.a(system.o)
 .comment       0x00000000       0x31 C:\M66_OpenCPU_GS3_SDK_V2.0_Eclipse\libs\gcc\libapp_start.a(taskMngt.o)
 .comment       0x00000000       0x31 C:\M66_OpenCPU_GS3_SDK_V2.0_Eclipse\libs\gcc\libapp_start.a(timer.o)
 .comment       0x00000000       0x31 C:\M66_OpenCPU_GS3_SDK_V2.0_Eclipse\libs\gcc\libapp_start.a(uart.o)

.ARM.attributes
                0x00000000       0x2b
 .ARM.attributes
                0x00000000       0x2b ./ril/src/ril_atResponse.o
 .ARM.attributes
                0x0000002b       0x2b ./ril/src/ril_audio.o
 .ARM.attributes
                0x00000056       0x2b ./ril/src/ril_bluetooth.o
 .ARM.attributes
                0x00000081       0x2b ./ril/src/ril_custom.o
 .ARM.attributes
                0x000000ac       0x2b ./ril/src/ril_dtmf.o
 .ARM.attributes
                0x000000d7       0x2b ./ril/src/ril_http.o
 .ARM.attributes
                0x00000102       0x2b ./ril/src/ril_init.o
 .ARM.attributes
                0x0000012d       0x2b ./ril/src/ril_location.o
 .ARM.attributes
                0x00000158       0x2b ./ril/src/ril_network.o
 .ARM.attributes
                0x00000183       0x2b ./ril/src/ril_sim.o
 .ARM.attributes
                0x000001ae       0x2b ./ril/src/ril_telephony.o
 .ARM.attributes
                0x000001d9       0x2b ./ril/src/ril_urc.o
 .ARM.attributes
                0x00000204       0x2b ./ril/src/ril_util.o
 .ARM.attributes
                0x0000022f       0x2b ./custom/config/custom_sys_cfg.o
 .ARM.attributes
                0x0000025a       0x2b ./custom/config/sys_config.o
 .ARM.attributes
                0x00000285       0x2b ./custom/main.o
 .ARM.attributes
                0x000002b0       0x2b C:\M66_OpenCPU_GS3_SDK_V2.0_Eclipse\libs\gcc\libapp_start.a(gprs.o)
 .ARM.attributes
                0x000002db       0x2b C:\M66_OpenCPU_GS3_SDK_V2.0_Eclipse\libs\gcc\libapp_start.a(memory.o)
 .ARM.attributes
                0x00000306       0x2b C:\M66_OpenCPU_GS3_SDK_V2.0_Eclipse\libs\gcc\libapp_start.a(ql_func.o)
 .ARM.attributes
                0x00000331       0x2b C:\M66_OpenCPU_GS3_SDK_V2.0_Eclipse\libs\gcc\libapp_start.a(ql_main.o)
 .ARM.attributes
                0x0000035c       0x2b C:\M66_OpenCPU_GS3_SDK_V2.0_Eclipse\libs\gcc\libapp_start.a(ril_aux.o)
 .ARM.attributes
                0x00000387       0x2b C:\M66_OpenCPU_GS3_SDK_V2.0_Eclipse\libs\gcc\libapp_start.a(ril_main.o)
 .ARM.attributes
                0x000003b2       0x2b C:\M66_OpenCPU_GS3_SDK_V2.0_Eclipse\libs\gcc\libapp_start.a(stdlib_func.o)
 .ARM.attributes
                0x000003dd       0x2b C:\M66_OpenCPU_GS3_SDK_V2.0_Eclipse\libs\gcc\libapp_start.a(system.o)
 .ARM.attributes
                0x00000408       0x2b C:\M66_OpenCPU_GS3_SDK_V2.0_Eclipse\libs\gcc\libapp_start.a(taskMngt.o)
 .ARM.attributes
                0x00000433       0x2b C:\M66_OpenCPU_GS3_SDK_V2.0_Eclipse\libs\gcc\libapp_start.a(timer.o)
 .ARM.attributes
                0x0000045e       0x2b C:\M66_OpenCPU_GS3_SDK_V2.0_Eclipse\libs\gcc\libapp_start.a(uart.o)
 .ARM.attributes
                0x00000489       0x1d C:\M66_OpenCPU_GS3_SDK_V2.0_Eclipse\libs\gcc\libapp_start.a(ocpu_init.o)
 .ARM.attributes
                0x000004a6       0x30 C:\Program Files\CodeSourcery\Sourcery_CodeBench_Lite_for_ARM_EABI\arm-none-eabi\lib\thumb\libc.a(lib_a-memcpy.o)
 .ARM.attributes
                0x000004d6       0x30 C:\Program Files\CodeSourcery\Sourcery_CodeBench_Lite_for_ARM_EABI\arm-none-eabi\lib\thumb\libc.a(lib_a-memset.o)
 .ARM.attributes
                0x00000506       0x18 C:\Program Files\CodeSourcery\Sourcery_CodeBench_Lite_for_ARM_EABI\lib\gcc\arm-none-eabi\4.7.2\thumb\libgcc.a(_arm_fixdfsi.o)
 .ARM.attributes
                0x0000051e       0x18 C:\Program Files\CodeSourcery\Sourcery_CodeBench_Lite_for_ARM_EABI\lib\gcc\arm-none-eabi\4.7.2\thumb\libgcc.a(_arm_truncdfsf2.o)

.debug_frame    0x00000000       0x64
 .debug_frame   0x00000000       0x38 C:\Program Files\CodeSourcery\Sourcery_CodeBench_Lite_for_ARM_EABI\arm-none-eabi\lib\thumb\libc.a(lib_a-memcpy.o)
 .debug_frame   0x00000038       0x2c C:\Program Files\CodeSourcery\Sourcery_CodeBench_Lite_for_ARM_EABI\arm-none-eabi\lib\thumb\libc.a(lib_a-memset.o)
